{
 "kind": "drive#revisionList",
 "etag": "\"K3Q52USGOp73rVTdkBQW8JAASyw\"",
 "selfLink": "https://www.googleapis.com/drive/v2/files/1tPjh3-nBi17bhMtRviIdViEpl5m1AKUdV8Sal5eQ6Mc/revisions",
 "items": [
  {
   "kind": "drive#revision",
   "etag": "\"GKLY_nxcUtn5YATV5f5QQCKm5yg\"",
   "id": "6397",
   "selfLink": "https://www.googleapis.com/drive/v2/files/1tPjh3-nBi17bhMtRviIdViEpl5m1AKUdV8Sal5eQ6Mc/revisions/6397",
   "mimeType": "application/vnd.google-apps.document",
   "modifiedDate": "2018-05-23T02:00:23.402Z",
   "published": false,
   "lastModifyingUserName": "Henry Nguyen",
   "lastModifyingUser": {
    "kind": "drive#user",
    "displayName": "Henry Nguyen",
    "picture": {
     "url": "https://lh6.googleusercontent.com/-Ega7NDrvEXk/AAAAAAAAAAI/AAAAAAAAK-I/8IHhsxa_rng/s64/photo.jpg"
    },
    "isAuthenticatedUser": true,
    "permissionId": "07249038766634834573",
    "emailAddress": "henry2833@gmail.com"
   }
  },
  {
   "kind": "drive#revision",
   "etag": "\"vUMM19ICzvUpGSEgVs6-WQ-TQto\"",
   "id": "6406",
   "selfLink": "https://www.googleapis.com/drive/v2/files/1tPjh3-nBi17bhMtRviIdViEpl5m1AKUdV8Sal5eQ6Mc/revisions/6406",
   "mimeType": "application/vnd.google-apps.document",
   "modifiedDate": "2018-05-23T03:07:54.199Z",
   "published": false,
   "lastModifyingUserName": "Henry Nguyen",
   "lastModifyingUser": {
    "kind": "drive#user",
    "displayName": "Henry Nguyen",
    "picture": {
     "url": "https://lh6.googleusercontent.com/-Ega7NDrvEXk/AAAAAAAAAAI/AAAAAAAAK-I/8IHhsxa_rng/s64/photo.jpg"
    },
    "isAuthenticatedUser": true,
    "permissionId": "07249038766634834573",
    "emailAddress": "henry2833@gmail.com"
   }
  },
  {
   "kind": "drive#revision",
   "etag": "\"G-JEOtZqkqtnxie6ohTAb4T8hRU\"",
   "id": "6916",
   "selfLink": "https://www.googleapis.com/drive/v2/files/1tPjh3-nBi17bhMtRviIdViEpl5m1AKUdV8Sal5eQ6Mc/revisions/6916",
   "mimeType": "application/vnd.google-apps.document",
   "modifiedDate": "2018-05-23T05:09:19.401Z",
   "published": false,
   "lastModifyingUserName": "Henry Nguyen",
   "lastModifyingUser": {
    "kind": "drive#user",
    "displayName": "Henry Nguyen",
    "picture": {
     "url": "https://lh6.googleusercontent.com/-Ega7NDrvEXk/AAAAAAAAAAI/AAAAAAAAK-I/8IHhsxa_rng/s64/photo.jpg"
    },
    "isAuthenticatedUser": true,
    "permissionId": "07249038766634834573",
    "emailAddress": "henry2833@gmail.com"
   }
  },
  {
   "kind": "drive#revision",
   "etag": "\"61Q_U2ERAlIRzFKBxmAA3R39jo4\"",
   "id": "7898",
   "selfLink": "https://www.googleapis.com/drive/v2/files/1tPjh3-nBi17bhMtRviIdViEpl5m1AKUdV8Sal5eQ6Mc/revisions/7898",
   "mimeType": "application/vnd.google-apps.document",
   "modifiedDate": "2018-05-24T03:49:56.860Z",
   "published": false,
   "lastModifyingUserName": "Henry Nguyen",
   "lastModifyingUser": {
    "kind": "drive#user",
    "displayName": "Henry Nguyen",
    "picture": {
     "url": "https://lh6.googleusercontent.com/-Ega7NDrvEXk/AAAAAAAAAAI/AAAAAAAAK-I/8IHhsxa_rng/s64/photo.jpg"
    },
    "isAuthenticatedUser": true,
    "permissionId": "07249038766634834573",
    "emailAddress": "henry2833@gmail.com"
   }
  },
  {
   "kind": "drive#revision",
   "etag": "\"5KJUb_p5QS_wKUMYh_XFWk1zFUg\"",
   "id": "8233",
   "selfLink": "https://www.googleapis.com/drive/v2/files/1tPjh3-nBi17bhMtRviIdViEpl5m1AKUdV8Sal5eQ6Mc/revisions/8233",
   "mimeType": "application/vnd.google-apps.document",
   "modifiedDate": "2018-05-24T05:17:29.059Z",
   "published": false,
   "lastModifyingUserName": "Henry Nguyen",
   "lastModifyingUser": {
    "kind": "drive#user",
    "displayName": "Henry Nguyen",
    "picture": {
     "url": "https://lh6.googleusercontent.com/-Ega7NDrvEXk/AAAAAAAAAAI/AAAAAAAAK-I/8IHhsxa_rng/s64/photo.jpg"
    },
    "isAuthenticatedUser": true,
    "permissionId": "07249038766634834573",
    "emailAddress": "henry2833@gmail.com"
   }
  },
  {
   "kind": "drive#revision",
   "etag": "\"utP5gkNP14EJUDLr03xwjzO1izU\"",
   "id": "8541",
   "selfLink": "https://www.googleapis.com/drive/v2/files/1tPjh3-nBi17bhMtRviIdViEpl5m1AKUdV8Sal5eQ6Mc/revisions/8541",
   "mimeType": "application/vnd.google-apps.document",
   "modifiedDate": "2018-05-25T00:51:14.508Z",
   "published": false,
   "lastModifyingUserName": "Henry Nguyen",
   "lastModifyingUser": {
    "kind": "drive#user",
    "displayName": "Henry Nguyen",
    "picture": {
     "url": "https://lh6.googleusercontent.com/-Ega7NDrvEXk/AAAAAAAAAAI/AAAAAAAAK-I/8IHhsxa_rng/s64/photo.jpg"
    },
    "isAuthenticatedUser": true,
    "permissionId": "07249038766634834573",
    "emailAddress": "henry2833@gmail.com"
   }
  },
  {
   "kind": "drive#revision",
   "etag": "\"yozeZf3Psv1ruNghseBpy_XfBEI\"",
   "id": "8543",
   "selfLink": "https://www.googleapis.com/drive/v2/files/1tPjh3-nBi17bhMtRviIdViEpl5m1AKUdV8Sal5eQ6Mc/revisions/8543",
   "mimeType": "application/vnd.google-apps.document",
   "modifiedDate": "2018-05-25T02:22:44.489Z",
   "published": false,
   "lastModifyingUserName": "Henry Nguyen",
   "lastModifyingUser": {
    "kind": "drive#user",
    "displayName": "Henry Nguyen",
    "picture": {
     "url": "https://lh6.googleusercontent.com/-Ega7NDrvEXk/AAAAAAAAAAI/AAAAAAAAK-I/8IHhsxa_rng/s64/photo.jpg"
    },
    "isAuthenticatedUser": true,
    "permissionId": "07249038766634834573",
    "emailAddress": "henry2833@gmail.com"
   }
  },
  {
   "kind": "drive#revision",
   "etag": "\"QSttsIdNbfX5LXm8-JrAqtawGyI\"",
   "id": "8545",
   "selfLink": "https://www.googleapis.com/drive/v2/files/1tPjh3-nBi17bhMtRviIdViEpl5m1AKUdV8Sal5eQ6Mc/revisions/8545",
   "mimeType": "application/vnd.google-apps.document",
   "modifiedDate": "2018-05-25T03:40:33.487Z",
   "published": false,
   "lastModifyingUserName": "Henry Nguyen",
   "lastModifyingUser": {
    "kind": "drive#user",
    "displayName": "Henry Nguyen",
    "picture": {
     "url": "https://lh6.googleusercontent.com/-Ega7NDrvEXk/AAAAAAAAAAI/AAAAAAAAK-I/8IHhsxa_rng/s64/photo.jpg"
    },
    "isAuthenticatedUser": true,
    "permissionId": "07249038766634834573",
    "emailAddress": "henry2833@gmail.com"
   }
  },
  {
   "kind": "drive#revision",
   "etag": "\"WlB57KwjFR75cb699iLPhYzk5Kk\"",
   "id": "8575",
   "selfLink": "https://www.googleapis.com/drive/v2/files/1tPjh3-nBi17bhMtRviIdViEpl5m1AKUdV8Sal5eQ6Mc/revisions/8575",
   "mimeType": "application/vnd.google-apps.document",
   "modifiedDate": "2018-05-25T04:42:35.514Z",
   "published": false,
   "lastModifyingUserName": "Henry Nguyen",
   "lastModifyingUser": {
    "kind": "drive#user",
    "displayName": "Henry Nguyen",
    "picture": {
     "url": "https://lh6.googleusercontent.com/-Ega7NDrvEXk/AAAAAAAAAAI/AAAAAAAAK-I/8IHhsxa_rng/s64/photo.jpg"
    },
    "isAuthenticatedUser": true,
    "permissionId": "07249038766634834573",
    "emailAddress": "henry2833@gmail.com"
   }
  },
  {
   "kind": "drive#revision",
   "etag": "\"ecaRtQczpd1Yv0OL2ASNbgm4fOk\"",
   "id": "8577",
   "selfLink": "https://www.googleapis.com/drive/v2/files/1tPjh3-nBi17bhMtRviIdViEpl5m1AKUdV8Sal5eQ6Mc/revisions/8577",
   "mimeType": "application/vnd.google-apps.document",
   "modifiedDate": "2018-05-25T23:16:37.953Z",
   "published": false,
   "lastModifyingUserName": "Henry Nguyen",
   "lastModifyingUser": {
    "kind": "drive#user",
    "displayName": "Henry Nguyen",
    "picture": {
     "url": "https://lh6.googleusercontent.com/-Ega7NDrvEXk/AAAAAAAAAAI/AAAAAAAAK-I/8IHhsxa_rng/s64/photo.jpg"
    },
    "isAuthenticatedUser": true,
    "permissionId": "07249038766634834573",
    "emailAddress": "henry2833@gmail.com"
   }
  },
  {
   "kind": "drive#revision",
   "etag": "\"-syymLnu-XArewnrPFUfQCYwplM\"",
   "id": "8786",
   "selfLink": "https://www.googleapis.com/drive/v2/files/1tPjh3-nBi17bhMtRviIdViEpl5m1AKUdV8Sal5eQ6Mc/revisions/8786",
   "mimeType": "application/vnd.google-apps.document",
   "modifiedDate": "2018-05-26T06:09:35.858Z",
   "published": false,
   "lastModifyingUserName": "Henry Nguyen",
   "lastModifyingUser": {
    "kind": "drive#user",
    "displayName": "Henry Nguyen",
    "picture": {
     "url": "https://lh6.googleusercontent.com/-Ega7NDrvEXk/AAAAAAAAAAI/AAAAAAAAK-I/8IHhsxa_rng/s64/photo.jpg"
    },
    "isAuthenticatedUser": true,
    "permissionId": "07249038766634834573",
    "emailAddress": "henry2833@gmail.com"
   }
  },
  {
   "kind": "drive#revision",
   "etag": "\"XFjw0NiPx87yS_M0tFmgmt6cQa4\"",
   "id": "9004",
   "selfLink": "https://www.googleapis.com/drive/v2/files/1tPjh3-nBi17bhMtRviIdViEpl5m1AKUdV8Sal5eQ6Mc/revisions/9004",
   "mimeType": "application/vnd.google-apps.document",
   "modifiedDate": "2018-05-26T23:56:34.903Z",
   "published": false,
   "lastModifyingUserName": "Henry Nguyen",
   "lastModifyingUser": {
    "kind": "drive#user",
    "displayName": "Henry Nguyen",
    "picture": {
     "url": "https://lh6.googleusercontent.com/-Ega7NDrvEXk/AAAAAAAAAAI/AAAAAAAAK-I/8IHhsxa_rng/s64/photo.jpg"
    },
    "isAuthenticatedUser": true,
    "permissionId": "07249038766634834573",
    "emailAddress": "henry2833@gmail.com"
   }
  },
  {
   "kind": "drive#revision",
   "etag": "\"ZCkFDZ-jPZ7j31WjIcEHdLLk7-g\"",
   "id": "9180",
   "selfLink": "https://www.googleapis.com/drive/v2/files/1tPjh3-nBi17bhMtRviIdViEpl5m1AKUdV8Sal5eQ6Mc/revisions/9180",
   "mimeType": "application/vnd.google-apps.document",
   "modifiedDate": "2018-05-27T01:05:17.214Z",
   "published": false,
   "lastModifyingUserName": "Henry Nguyen",
   "lastModifyingUser": {
    "kind": "drive#user",
    "displayName": "Henry Nguyen",
    "picture": {
     "url": "https://lh6.googleusercontent.com/-Ega7NDrvEXk/AAAAAAAAAAI/AAAAAAAAK-I/8IHhsxa_rng/s64/photo.jpg"
    },
    "isAuthenticatedUser": true,
    "permissionId": "07249038766634834573",
    "emailAddress": "henry2833@gmail.com"
   }
  },
  {
   "kind": "drive#revision",
   "etag": "\"SgYK2o_Nb417C19CoL93WCN2_jM\"",
   "id": "9193",
   "selfLink": "https://www.googleapis.com/drive/v2/files/1tPjh3-nBi17bhMtRviIdViEpl5m1AKUdV8Sal5eQ6Mc/revisions/9193",
   "mimeType": "application/vnd.google-apps.document",
   "modifiedDate": "2018-05-27T05:44:34.851Z",
   "published": false,
   "lastModifyingUserName": "Henry Nguyen",
   "lastModifyingUser": {
    "kind": "drive#user",
    "displayName": "Henry Nguyen",
    "picture": {
     "url": "https://lh6.googleusercontent.com/-Ega7NDrvEXk/AAAAAAAAAAI/AAAAAAAAK-I/8IHhsxa_rng/s64/photo.jpg"
    },
    "isAuthenticatedUser": true,
    "permissionId": "07249038766634834573",
    "emailAddress": "henry2833@gmail.com"
   }
  },
  {
   "kind": "drive#revision",
   "etag": "\"Pu3eLko36hbbH6DC29mUnGjENoo\"",
   "id": "9205",
   "selfLink": "https://www.googleapis.com/drive/v2/files/1tPjh3-nBi17bhMtRviIdViEpl5m1AKUdV8Sal5eQ6Mc/revisions/9205",
   "mimeType": "application/vnd.google-apps.document",
   "modifiedDate": "2018-05-27T17:12:14.532Z",
   "published": false,
   "lastModifyingUserName": "Henry Nguyen",
   "lastModifyingUser": {
    "kind": "drive#user",
    "displayName": "Henry Nguyen",
    "picture": {
     "url": "https://lh6.googleusercontent.com/-Ega7NDrvEXk/AAAAAAAAAAI/AAAAAAAAK-I/8IHhsxa_rng/s64/photo.jpg"
    },
    "isAuthenticatedUser": true,
    "permissionId": "07249038766634834573",
    "emailAddress": "henry2833@gmail.com"
   }
  },
  {
   "kind": "drive#revision",
   "etag": "\"6b5Kpjj84a5x9NBiFkxenOr5qgs\"",
   "id": "9387",
   "selfLink": "https://www.googleapis.com/drive/v2/files/1tPjh3-nBi17bhMtRviIdViEpl5m1AKUdV8Sal5eQ6Mc/revisions/9387",
   "mimeType": "application/vnd.google-apps.document",
   "modifiedDate": "2018-05-28T00:27:52.544Z",
   "published": false,
   "lastModifyingUserName": "Henry Nguyen",
   "lastModifyingUser": {
    "kind": "drive#user",
    "displayName": "Henry Nguyen",
    "picture": {
     "url": "https://lh6.googleusercontent.com/-Ega7NDrvEXk/AAAAAAAAAAI/AAAAAAAAK-I/8IHhsxa_rng/s64/photo.jpg"
    },
    "isAuthenticatedUser": true,
    "permissionId": "07249038766634834573",
    "emailAddress": "henry2833@gmail.com"
   }
  },
  {
   "kind": "drive#revision",
   "etag": "\"e_JRCzcTROwpKI3nOU377c9Bwqg\"",
   "id": "9415",
   "selfLink": "https://www.googleapis.com/drive/v2/files/1tPjh3-nBi17bhMtRviIdViEpl5m1AKUdV8Sal5eQ6Mc/revisions/9415",
   "mimeType": "application/vnd.google-apps.document",
   "modifiedDate": "2018-05-29T00:25:25.709Z",
   "published": false,
   "lastModifyingUserName": "Henry Nguyen",
   "lastModifyingUser": {
    "kind": "drive#user",
    "displayName": "Henry Nguyen",
    "picture": {
     "url": "https://lh6.googleusercontent.com/-Ega7NDrvEXk/AAAAAAAAAAI/AAAAAAAAK-I/8IHhsxa_rng/s64/photo.jpg"
    },
    "isAuthenticatedUser": true,
    "permissionId": "07249038766634834573",
    "emailAddress": "henry2833@gmail.com"
   }
  },
  {
   "kind": "drive#revision",
   "etag": "\"sEER7oeIbsyU_rHWXmpZnyrJ4i4\"",
   "id": "9754",
   "selfLink": "https://www.googleapis.com/drive/v2/files/1tPjh3-nBi17bhMtRviIdViEpl5m1AKUdV8Sal5eQ6Mc/revisions/9754",
   "mimeType": "application/vnd.google-apps.document",
   "modifiedDate": "2018-05-29T02:37:56.714Z",
   "published": false,
   "lastModifyingUserName": "Henry Nguyen",
   "lastModifyingUser": {
    "kind": "drive#user",
    "displayName": "Henry Nguyen",
    "picture": {
     "url": "https://lh6.googleusercontent.com/-Ega7NDrvEXk/AAAAAAAAAAI/AAAAAAAAK-I/8IHhsxa_rng/s64/photo.jpg"
    },
    "isAuthenticatedUser": true,
    "permissionId": "07249038766634834573",
    "emailAddress": "henry2833@gmail.com"
   }
  },
  {
   "kind": "drive#revision",
   "etag": "\"9-6kzgHjxVY3ZDNGXTyFLjMju0w\"",
   "id": "9757",
   "selfLink": "https://www.googleapis.com/drive/v2/files/1tPjh3-nBi17bhMtRviIdViEpl5m1AKUdV8Sal5eQ6Mc/revisions/9757",
   "mimeType": "application/vnd.google-apps.document",
   "modifiedDate": "2018-05-30T03:11:47.619Z",
   "published": false,
   "lastModifyingUserName": "Henry Nguyen",
   "lastModifyingUser": {
    "kind": "drive#user",
    "displayName": "Henry Nguyen",
    "picture": {
     "url": "https://lh6.googleusercontent.com/-Ega7NDrvEXk/AAAAAAAAAAI/AAAAAAAAK-I/8IHhsxa_rng/s64/photo.jpg"
    },
    "isAuthenticatedUser": true,
    "permissionId": "07249038766634834573",
    "emailAddress": "henry2833@gmail.com"
   }
  },
  {
   "kind": "drive#revision",
   "etag": "\"JIY7aGctlb7rbxLlp2WnhlPAThE\"",
   "id": "10340",
   "selfLink": "https://www.googleapis.com/drive/v2/files/1tPjh3-nBi17bhMtRviIdViEpl5m1AKUdV8Sal5eQ6Mc/revisions/10340",
   "mimeType": "application/vnd.google-apps.document",
   "modifiedDate": "2018-05-30T05:05:13.204Z",
   "published": false,
   "lastModifyingUserName": "Henry Nguyen",
   "lastModifyingUser": {
    "kind": "drive#user",
    "displayName": "Henry Nguyen",
    "picture": {
     "url": "https://lh6.googleusercontent.com/-Ega7NDrvEXk/AAAAAAAAAAI/AAAAAAAAK-I/8IHhsxa_rng/s64/photo.jpg"
    },
    "isAuthenticatedUser": true,
    "permissionId": "07249038766634834573",
    "emailAddress": "henry2833@gmail.com"
   }
  }
 ]
}
{
  "error": {
    "code": 429,
    "message": "Quota exceeded for quota metric 'Query Requests' and limit 'Query Requests per minute per user' of service 'driveactivity.googleapis.com' for consumer 'project_number:788399211597'.",
    "status": "RESOURCE_EXHAUSTED",
    "details": [
      {
        "@type": "type.googleapis.com/google.rpc.Help",
        "links": [
          {
            "description": "Google developer console API key",
            "url": "https://console.developers.google.com/project/788399211597/apiui/credential"
          }
        ]
      }
    ]
  }
}
{
 "kind": "drive#revisionList",
 "etag": "\"vQuDSObjor-c6SxYYnyPnsadfKI\"",
 "selfLink": "https://www.googleapis.com/drive/v2/files/15UMfb4c64GnCPTxFkvl-LShnbVIahiPADwLU-2h2PIY/revisions",
 "items": [
  {
   "kind": "drive#revision",
   "etag": "\"OJhF33AAYJQdD9qM6M8ImlkHpZM\"",
   "id": "1",
   "selfLink": "https://www.googleapis.com/drive/v2/files/15UMfb4c64GnCPTxFkvl-LShnbVIahiPADwLU-2h2PIY/revisions/1",
   "mimeType": "application/vnd.google-apps.document",
   "modifiedDate": "2018-07-22T18:47:18.297Z",
   "published": false,
   "lastModifyingUserName": "Henry Nguyen",
   "lastModifyingUser": {
    "kind": "drive#user",
    "displayName": "Henry Nguyen",
    "picture": {
     "url": "https://lh6.googleusercontent.com/-Ega7NDrvEXk/AAAAAAAAAAI/AAAAAAAAK-I/8IHhsxa_rng/s64/photo.jpg"
    },
    "isAuthenticatedUser": true,
    "permissionId": "07249038766634834573",
    "emailAddress": "henry2833@gmail.com"
   }
  },
  {
   "kind": "drive#revision",
   "etag": "\"5ZPPVtTsqwChdyZoNqAhCxtSuFM\"",
   "id": "19",
   "selfLink": "https://www.googleapis.com/drive/v2/files/15UMfb4c64GnCPTxFkvl-LShnbVIahiPADwLU-2h2PIY/revisions/19",
   "mimeType": "application/vnd.google-apps.document",
   "modifiedDate": "2018-07-22T18:47:48.517Z",
   "published": false,
   "lastModifyingUserName": "Henry Nguyen",
   "lastModifyingUser": {
    "kind": "drive#user",
    "displayName": "Henry Nguyen",
    "picture": {
     "url": "https://lh6.googleusercontent.com/-Ega7NDrvEXk/AAAAAAAAAAI/AAAAAAAAK-I/8IHhsxa_rng/s64/photo.jpg"
    },
    "isAuthenticatedUser": true,
    "permissionId": "07249038766634834573",
    "emailAddress": "henry2833@gmail.com"
   }
  },
  {
   "kind": "drive#revision",
   "etag": "\"EJq3f1E9tuKuEvQHYwv8M9dd8L8\"",
   "id": "564",
   "selfLink": "https://www.googleapis.com/drive/v2/files/15UMfb4c64GnCPTxFkvl-LShnbVIahiPADwLU-2h2PIY/revisions/564",
   "mimeType": "application/vnd.google-apps.document",
   "modifiedDate": "2018-07-22T20:16:25.275Z",
   "published": false,
   "lastModifyingUserName": "Henry Nguyen",
   "lastModifyingUser": {
    "kind": "drive#user",
    "displayName": "Henry Nguyen",
    "picture": {
     "url": "https://lh6.googleusercontent.com/-Ega7NDrvEXk/AAAAAAAAAAI/AAAAAAAAK-I/8IHhsxa_rng/s64/photo.jpg"
    },
    "isAuthenticatedUser": true,
    "permissionId": "07249038766634834573",
    "emailAddress": "henry2833@gmail.com"
   }
  }
 ]
}
{
  "error": {
    "code": 429,
    "message": "Quota exceeded for quota metric 'Query Requests' and limit 'Query Requests per minute per user' of service 'driveactivity.googleapis.com' for consumer 'project_number:788399211597'.",
    "status": "RESOURCE_EXHAUSTED",
    "details": [
      {
        "@type": "type.googleapis.com/google.rpc.Help",
        "links": [
          {
            "description": "Google developer console API key",
            "url": "https://console.developers.google.com/project/788399211597/apiui/credential"
          }
        ]
      }
    ]
  }
}
{
 "kind": "drive#revisionList",
 "etag": "\"meDX6js3mpgpK5ZVXFY4H5eQvkw\"",
 "selfLink": "https://www.googleapis.com/drive/v2/files/1iaW7VZ7uupNJpOlGARjNoRsixK4TNmi36foaVjtD9og/revisions",
 "items": [
  {
   "kind": "drive#revision",
   "etag": "\"YfR6QrsWP6jyjtG7HLz5kzcaTcw\"",
   "id": "1",
   "selfLink": "https://www.googleapis.com/drive/v2/files/1iaW7VZ7uupNJpOlGARjNoRsixK4TNmi36foaVjtD9og/revisions/1",
   "mimeType": "application/vnd.google-apps.document",
   "modifiedDate": "2018-08-03T17:06:01.413Z",
   "published": false,
   "lastModifyingUserName": "Henry Nguyen",
   "lastModifyingUser": {
    "kind": "drive#user",
    "displayName": "Henry Nguyen",
    "picture": {
     "url": "https://lh6.googleusercontent.com/-Ega7NDrvEXk/AAAAAAAAAAI/AAAAAAAAK-I/8IHhsxa_rng/s64/photo.jpg"
    },
    "isAuthenticatedUser": true,
    "permissionId": "07249038766634834573",
    "emailAddress": "henry2833@gmail.com"
   }
  },
  {
   "kind": "drive#revision",
   "etag": "\"8jGrg3O0JOLO-62ryQrCmDuW9h0\"",
   "id": "324",
   "selfLink": "https://www.googleapis.com/drive/v2/files/1iaW7VZ7uupNJpOlGARjNoRsixK4TNmi36foaVjtD9og/revisions/324",
   "mimeType": "application/vnd.google-apps.document",
   "modifiedDate": "2018-08-03T17:45:55.155Z",
   "published": false,
   "lastModifyingUserName": "Henry Nguyen",
   "lastModifyingUser": {
    "kind": "drive#user",
    "displayName": "Henry Nguyen",
    "picture": {
     "url": "https://lh6.googleusercontent.com/-Ega7NDrvEXk/AAAAAAAAAAI/AAAAAAAAK-I/8IHhsxa_rng/s64/photo.jpg"
    },
    "isAuthenticatedUser": true,
    "permissionId": "07249038766634834573",
    "emailAddress": "henry2833@gmail.com"
   }
  },
  {
   "kind": "drive#revision",
   "etag": "\"KVxJpF0n0EW54ssscVk9QNkn_rs\"",
   "id": "935",
   "selfLink": "https://www.googleapis.com/drive/v2/files/1iaW7VZ7uupNJpOlGARjNoRsixK4TNmi36foaVjtD9og/revisions/935",
   "mimeType": "application/vnd.google-apps.document",
   "modifiedDate": "2018-08-03T19:51:18.021Z",
   "published": false,
   "lastModifyingUserName": "Henry Nguyen",
   "lastModifyingUser": {
    "kind": "drive#user",
    "displayName": "Henry Nguyen",
    "picture": {
     "url": "https://lh6.googleusercontent.com/-Ega7NDrvEXk/AAAAAAAAAAI/AAAAAAAAK-I/8IHhsxa_rng/s64/photo.jpg"
    },
    "isAuthenticatedUser": true,
    "permissionId": "07249038766634834573",
    "emailAddress": "henry2833@gmail.com"
   }
  },
  {
   "kind": "drive#revision",
   "etag": "\"W5sLssfs3dXP6jLm1rnviLODqrM\"",
   "id": "1250",
   "selfLink": "https://www.googleapis.com/drive/v2/files/1iaW7VZ7uupNJpOlGARjNoRsixK4TNmi36foaVjtD9og/revisions/1250",
   "mimeType": "application/vnd.google-apps.document",
   "modifiedDate": "2018-08-03T20:55:46.668Z",
   "published": false,
   "lastModifyingUserName": "Henry Nguyen",
   "lastModifyingUser": {
    "kind": "drive#user",
    "displayName": "Henry Nguyen",
    "picture": {
     "url": "https://lh6.googleusercontent.com/-Ega7NDrvEXk/AAAAAAAAAAI/AAAAAAAAK-I/8IHhsxa_rng/s64/photo.jpg"
    },
    "isAuthenticatedUser": true,
    "permissionId": "07249038766634834573",
    "emailAddress": "henry2833@gmail.com"
   }
  }
 ]
}
{
  "error": {
    "code": 429,
    "message": "Quota exceeded for quota metric 'Query Requests' and limit 'Query Requests per minute per user' of service 'driveactivity.googleapis.com' for consumer 'project_number:788399211597'.",
    "status": "RESOURCE_EXHAUSTED",
    "details": [
      {
        "@type": "type.googleapis.com/google.rpc.Help",
        "links": [
          {
            "description": "Google developer console API key",
            "url": "https://console.developers.google.com/project/788399211597/apiui/credential"
          }
        ]
      }
    ]
  }
}
{
 "kind": "drive#revisionList",
 "etag": "\"aJepMHL3AQwHX4IhtsXx_vVzaPc\"",
 "selfLink": "https://www.googleapis.com/drive/v2/files/1V1KI6RIfQ38M_UIWpldBLKxJzXeuvsW8fKi0XodfERc/revisions",
 "items": [
  {
   "kind": "drive#revision",
   "etag": "\"hdnfncZF4-p2VuJQoV5TKKZwuB8\"",
   "id": "1",
   "selfLink": "https://www.googleapis.com/drive/v2/files/1V1KI6RIfQ38M_UIWpldBLKxJzXeuvsW8fKi0XodfERc/revisions/1",
   "mimeType": "application/vnd.google-apps.document",
   "modifiedDate": "2018-07-11T19:14:47.980Z",
   "published": false,
   "lastModifyingUserName": "Henry Nguyen",
   "lastModifyingUser": {
    "kind": "drive#user",
    "displayName": "Henry Nguyen",
    "picture": {
     "url": "https://lh6.googleusercontent.com/-Ega7NDrvEXk/AAAAAAAAAAI/AAAAAAAAK-I/8IHhsxa_rng/s64/photo.jpg"
    },
    "isAuthenticatedUser": true,
    "permissionId": "07249038766634834573",
    "emailAddress": "henry2833@gmail.com"
   }
  },
  {
   "kind": "drive#revision",
   "etag": "\"iwe8Bu5btyZZJ8CQ4cWHjCZW56E\"",
   "id": "629",
   "selfLink": "https://www.googleapis.com/drive/v2/files/1V1KI6RIfQ38M_UIWpldBLKxJzXeuvsW8fKi0XodfERc/revisions/629",
   "mimeType": "application/vnd.google-apps.document",
   "modifiedDate": "2018-07-11T22:08:06.175Z",
   "published": false,
   "lastModifyingUserName": "Henry Nguyen",
   "lastModifyingUser": {
    "kind": "drive#user",
    "displayName": "Henry Nguyen",
    "picture": {
     "url": "https://lh6.googleusercontent.com/-Ega7NDrvEXk/AAAAAAAAAAI/AAAAAAAAK-I/8IHhsxa_rng/s64/photo.jpg"
    },
    "isAuthenticatedUser": true,
    "permissionId": "07249038766634834573",
    "emailAddress": "henry2833@gmail.com"
   }
  }
 ]
}
{
  "error": {
    "code": 429,
    "message": "Quota exceeded for quota metric 'Query Requests' and limit 'Query Requests per minute per user' of service 'driveactivity.googleapis.com' for consumer 'project_number:788399211597'.",
    "status": "RESOURCE_EXHAUSTED",
    "details": [
      {
        "@type": "type.googleapis.com/google.rpc.Help",
        "links": [
          {
            "description": "Google developer console API key",
            "url": "https://console.developers.google.com/project/788399211597/apiui/credential"
          }
        ]
      }
    ]
  }
}
{
 "kind": "drive#revisionList",
 "etag": "\"1Ec0aa-bF_6qWmVkC8knaR_VKw4\"",
 "selfLink": "https://www.googleapis.com/drive/v2/files/1mU_Z2FXHCrL3UIf13uXSZsLBLPdJjh0-VRK_CEIcCvU/revisions",
 "items": [
  {
   "kind": "drive#revision",
   "etag": "\"LFqNEdOPNO0LSY4UFfDZIBQZrNk\"",
   "id": "1",
   "selfLink": "https://www.googleapis.com/drive/v2/files/1mU_Z2FXHCrL3UIf13uXSZsLBLPdJjh0-VRK_CEIcCvU/revisions/1",
   "mimeType": "application/vnd.google-apps.document",
   "modifiedDate": "2018-07-10T02:36:09.686Z",
   "published": false,
   "lastModifyingUserName": "Henry Nguyen",
   "lastModifyingUser": {
    "kind": "drive#user",
    "displayName": "Henry Nguyen",
    "picture": {
     "url": "https://lh6.googleusercontent.com/-Ega7NDrvEXk/AAAAAAAAAAI/AAAAAAAAK-I/8IHhsxa_rng/s64/photo.jpg"
    },
    "isAuthenticatedUser": true,
    "permissionId": "07249038766634834573",
    "emailAddress": "henry2833@gmail.com"
   }
  },
  {
   "kind": "drive#revision",
   "etag": "\"lOwUC-B6bFqpJx1petzED7aYUQE\"",
   "id": "294",
   "selfLink": "https://www.googleapis.com/drive/v2/files/1mU_Z2FXHCrL3UIf13uXSZsLBLPdJjh0-VRK_CEIcCvU/revisions/294",
   "mimeType": "application/vnd.google-apps.document",
   "modifiedDate": "2018-07-10T03:33:54.907Z",
   "published": false,
   "lastModifyingUserName": "Henry Nguyen",
   "lastModifyingUser": {
    "kind": "drive#user",
    "displayName": "Henry Nguyen",
    "picture": {
     "url": "https://lh6.googleusercontent.com/-Ega7NDrvEXk/AAAAAAAAAAI/AAAAAAAAK-I/8IHhsxa_rng/s64/photo.jpg"
    },
    "isAuthenticatedUser": true,
    "permissionId": "07249038766634834573",
    "emailAddress": "henry2833@gmail.com"
   }
  },
  {
   "kind": "drive#revision",
   "etag": "\"XR_CAWuS_OUHOhlYBDiW3R_Ph7k\"",
   "id": "418",
   "selfLink": "https://www.googleapis.com/drive/v2/files/1mU_Z2FXHCrL3UIf13uXSZsLBLPdJjh0-VRK_CEIcCvU/revisions/418",
   "mimeType": "application/vnd.google-apps.document",
   "modifiedDate": "2018-07-10T04:57:43.258Z",
   "published": false,
   "lastModifyingUserName": "Henry Nguyen",
   "lastModifyingUser": {
    "kind": "drive#user",
    "displayName": "Henry Nguyen",
    "picture": {
     "url": "https://lh6.googleusercontent.com/-Ega7NDrvEXk/AAAAAAAAAAI/AAAAAAAAK-I/8IHhsxa_rng/s64/photo.jpg"
    },
    "isAuthenticatedUser": true,
    "permissionId": "07249038766634834573",
    "emailAddress": "henry2833@gmail.com"
   }
  },
  {
   "kind": "drive#revision",
   "etag": "\"tIuZeFXZYMYvhItHFDBoLNyGWLc\"",
   "id": "1310",
   "selfLink": "https://www.googleapis.com/drive/v2/files/1mU_Z2FXHCrL3UIf13uXSZsLBLPdJjh0-VRK_CEIcCvU/revisions/1310",
   "mimeType": "application/vnd.google-apps.document",
   "modifiedDate": "2018-07-10T18:09:53.469Z",
   "published": false,
   "lastModifyingUserName": "Henry Nguyen",
   "lastModifyingUser": {
    "kind": "drive#user",
    "displayName": "Henry Nguyen",
    "picture": {
     "url": "https://lh6.googleusercontent.com/-Ega7NDrvEXk/AAAAAAAAAAI/AAAAAAAAK-I/8IHhsxa_rng/s64/photo.jpg"
    },
    "isAuthenticatedUser": true,
    "permissionId": "07249038766634834573",
    "emailAddress": "henry2833@gmail.com"
   }
  },
  {
   "kind": "drive#revision",
   "etag": "\"R_OZK-xg830SKOgYbxqwq4UoIyA\"",
   "id": "1933",
   "selfLink": "https://www.googleapis.com/drive/v2/files/1mU_Z2FXHCrL3UIf13uXSZsLBLPdJjh0-VRK_CEIcCvU/revisions/1933",
   "mimeType": "application/vnd.google-apps.document",
   "modifiedDate": "2018-07-10T20:40:22.617Z",
   "published": false,
   "lastModifyingUserName": "Henry Nguyen",
   "lastModifyingUser": {
    "kind": "drive#user",
    "displayName": "Henry Nguyen",
    "picture": {
     "url": "https://lh6.googleusercontent.com/-Ega7NDrvEXk/AAAAAAAAAAI/AAAAAAAAK-I/8IHhsxa_rng/s64/photo.jpg"
    },
    "isAuthenticatedUser": true,
    "permissionId": "07249038766634834573",
    "emailAddress": "henry2833@gmail.com"
   }
  }
 ]
}
{
  "error": {
    "code": 429,
    "message": "Quota exceeded for quota metric 'Query Requests' and limit 'Query Requests per minute per user' of service 'driveactivity.googleapis.com' for consumer 'project_number:788399211597'.",
    "status": "RESOURCE_EXHAUSTED",
    "details": [
      {
        "@type": "type.googleapis.com/google.rpc.Help",
        "links": [
          {
            "description": "Google developer console API key",
            "url": "https://console.developers.google.com/project/788399211597/apiui/credential"
          }
        ]
      }
    ]
  }
}
{
 "kind": "drive#revisionList",
 "etag": "\"jiJFqnug17lo7sWZN6LwxUYANbQ\"",
 "selfLink": "https://www.googleapis.com/drive/v2/files/1vOEsYOAXIV_XJiid27nBy1s2lCEvz2ZjmYbKsHsQNFI/revisions",
 "items": [
  {
   "kind": "drive#revision",
   "etag": "\"-YeCyWIbdSr2xYIt_P-H3jcoSLQ\"",
   "id": "1",
   "selfLink": "https://www.googleapis.com/drive/v2/files/1vOEsYOAXIV_XJiid27nBy1s2lCEvz2ZjmYbKsHsQNFI/revisions/1",
   "mimeType": "application/vnd.google-apps.document",
   "modifiedDate": "2018-06-19T05:18:24.930Z",
   "published": false,
   "lastModifyingUserName": "Henry Nguyen",
   "lastModifyingUser": {
    "kind": "drive#user",
    "displayName": "Henry Nguyen",
    "picture": {
     "url": "https://lh6.googleusercontent.com/-Ega7NDrvEXk/AAAAAAAAAAI/AAAAAAAAK-I/8IHhsxa_rng/s64/photo.jpg"
    },
    "isAuthenticatedUser": true,
    "permissionId": "07249038766634834573",
    "emailAddress": "henry2833@gmail.com"
   }
  },
  {
   "kind": "drive#revision",
   "etag": "\"RRomSt-ZgurhFTazzNEpsSf2cMc\"",
   "id": "18",
   "selfLink": "https://www.googleapis.com/drive/v2/files/1vOEsYOAXIV_XJiid27nBy1s2lCEvz2ZjmYbKsHsQNFI/revisions/18",
   "mimeType": "application/vnd.google-apps.document",
   "modifiedDate": "2018-06-19T05:18:59.455Z",
   "published": false,
   "lastModifyingUserName": "Henry Nguyen",
   "lastModifyingUser": {
    "kind": "drive#user",
    "displayName": "Henry Nguyen",
    "picture": {
     "url": "https://lh6.googleusercontent.com/-Ega7NDrvEXk/AAAAAAAAAAI/AAAAAAAAK-I/8IHhsxa_rng/s64/photo.jpg"
    },
    "isAuthenticatedUser": true,
    "permissionId": "07249038766634834573",
    "emailAddress": "henry2833@gmail.com"
   }
  },
  {
   "kind": "drive#revision",
   "etag": "\"J_InBLe96sQd3TCbenGt3dG9n-E\"",
   "id": "38",
   "selfLink": "https://www.googleapis.com/drive/v2/files/1vOEsYOAXIV_XJiid27nBy1s2lCEvz2ZjmYbKsHsQNFI/revisions/38",
   "mimeType": "application/vnd.google-apps.document",
   "modifiedDate": "2018-06-20T00:44:43.818Z",
   "published": false,
   "lastModifyingUserName": "Henry Nguyen",
   "lastModifyingUser": {
    "kind": "drive#user",
    "displayName": "Henry Nguyen",
    "picture": {
     "url": "https://lh6.googleusercontent.com/-Ega7NDrvEXk/AAAAAAAAAAI/AAAAAAAAK-I/8IHhsxa_rng/s64/photo.jpg"
    },
    "isAuthenticatedUser": true,
    "permissionId": "07249038766634834573",
    "emailAddress": "henry2833@gmail.com"
   }
  },
  {
   "kind": "drive#revision",
   "etag": "\"R4bvskFGWzK3SrAnRHRq3Cg1Uho\"",
   "id": "309",
   "selfLink": "https://www.googleapis.com/drive/v2/files/1vOEsYOAXIV_XJiid27nBy1s2lCEvz2ZjmYbKsHsQNFI/revisions/309",
   "mimeType": "application/vnd.google-apps.document",
   "modifiedDate": "2018-06-23T23:58:10.677Z",
   "published": false,
   "lastModifyingUserName": "Henry Nguyen",
   "lastModifyingUser": {
    "kind": "drive#user",
    "displayName": "Henry Nguyen",
    "picture": {
     "url": "https://lh6.googleusercontent.com/-Ega7NDrvEXk/AAAAAAAAAAI/AAAAAAAAK-I/8IHhsxa_rng/s64/photo.jpg"
    },
    "isAuthenticatedUser": true,
    "permissionId": "07249038766634834573",
    "emailAddress": "henry2833@gmail.com"
   }
  },
  {
   "kind": "drive#revision",
   "etag": "\"MCAR3RvFOdx1UqVfTGgrIkUgvm4\"",
   "id": "351",
   "selfLink": "https://www.googleapis.com/drive/v2/files/1vOEsYOAXIV_XJiid27nBy1s2lCEvz2ZjmYbKsHsQNFI/revisions/351",
   "mimeType": "application/vnd.google-apps.document",
   "modifiedDate": "2018-06-24T00:31:39.089Z",
   "published": false,
   "lastModifyingUserName": "Henry Nguyen",
   "lastModifyingUser": {
    "kind": "drive#user",
    "displayName": "Henry Nguyen",
    "picture": {
     "url": "https://lh6.googleusercontent.com/-Ega7NDrvEXk/AAAAAAAAAAI/AAAAAAAAK-I/8IHhsxa_rng/s64/photo.jpg"
    },
    "isAuthenticatedUser": true,
    "permissionId": "07249038766634834573",
    "emailAddress": "henry2833@gmail.com"
   }
  },
  {
   "kind": "drive#revision",
   "etag": "\"w1X43UzP3rQauoTVGzSdfE8pd7s\"",
   "id": "431",
   "selfLink": "https://www.googleapis.com/drive/v2/files/1vOEsYOAXIV_XJiid27nBy1s2lCEvz2ZjmYbKsHsQNFI/revisions/431",
   "mimeType": "application/vnd.google-apps.document",
   "modifiedDate": "2018-06-24T03:12:39.310Z",
   "published": false,
   "lastModifyingUserName": "Henry Nguyen",
   "lastModifyingUser": {
    "kind": "drive#user",
    "displayName": "Henry Nguyen",
    "picture": {
     "url": "https://lh6.googleusercontent.com/-Ega7NDrvEXk/AAAAAAAAAAI/AAAAAAAAK-I/8IHhsxa_rng/s64/photo.jpg"
    },
    "isAuthenticatedUser": true,
    "permissionId": "07249038766634834573",
    "emailAddress": "henry2833@gmail.com"
   }
  },
  {
   "kind": "drive#revision",
   "etag": "\"cYR_5WZ8U5NCmRNO-GgjCk_oTxI\"",
   "id": "476",
   "selfLink": "https://www.googleapis.com/drive/v2/files/1vOEsYOAXIV_XJiid27nBy1s2lCEvz2ZjmYbKsHsQNFI/revisions/476",
   "mimeType": "application/vnd.google-apps.document",
   "modifiedDate": "2018-06-24T23:18:32.581Z",
   "published": false,
   "lastModifyingUserName": "Henry Nguyen",
   "lastModifyingUser": {
    "kind": "drive#user",
    "displayName": "Henry Nguyen",
    "picture": {
     "url": "https://lh6.googleusercontent.com/-Ega7NDrvEXk/AAAAAAAAAAI/AAAAAAAAK-I/8IHhsxa_rng/s64/photo.jpg"
    },
    "isAuthenticatedUser": true,
    "permissionId": "07249038766634834573",
    "emailAddress": "henry2833@gmail.com"
   }
  },
  {
   "kind": "drive#revision",
   "etag": "\"5_WrKkUfcFbx56XdOwC4eCJu_tY\"",
   "id": "1725",
   "selfLink": "https://www.googleapis.com/drive/v2/files/1vOEsYOAXIV_XJiid27nBy1s2lCEvz2ZjmYbKsHsQNFI/revisions/1725",
   "mimeType": "application/vnd.google-apps.document",
   "modifiedDate": "2018-06-25T17:11:46.668Z",
   "published": false,
   "lastModifyingUserName": "Henry Nguyen",
   "lastModifyingUser": {
    "kind": "drive#user",
    "displayName": "Henry Nguyen",
    "picture": {
     "url": "https://lh6.googleusercontent.com/-Ega7NDrvEXk/AAAAAAAAAAI/AAAAAAAAK-I/8IHhsxa_rng/s64/photo.jpg"
    },
    "isAuthenticatedUser": true,
    "permissionId": "07249038766634834573",
    "emailAddress": "henry2833@gmail.com"
   }
  }
 ]
}
{
  "error": {
    "code": 429,
    "message": "Quota exceeded for quota metric 'Query Requests' and limit 'Query Requests per minute per user' of service 'driveactivity.googleapis.com' for consumer 'project_number:788399211597'.",
    "status": "RESOURCE_EXHAUSTED",
    "details": [
      {
        "@type": "type.googleapis.com/google.rpc.Help",
        "links": [
          {
            "description": "Google developer console API key",
            "url": "https://console.developers.google.com/project/788399211597/apiui/credential"
          }
        ]
      }
    ]
  }
}
{
 "kind": "drive#revisionList",
 "etag": "\"g7KUfQMzQ3_6K-ZafAoPjOX37IQ\"",
 "selfLink": "https://www.googleapis.com/drive/v2/files/1u1ZrB5rE8JfGb5y69hdtADX5fXeex9hXNDmUexYtOng/revisions",
 "items": [
  {
   "kind": "drive#revision",
   "etag": "\"JdyWnBPAR_LbafX2tglx-b6ZnhM\"",
   "id": "1",
   "selfLink": "https://www.googleapis.com/drive/v2/files/1u1ZrB5rE8JfGb5y69hdtADX5fXeex9hXNDmUexYtOng/revisions/1",
   "mimeType": "application/vnd.google-apps.document",
   "modifiedDate": "2018-06-17T03:05:01.087Z",
   "published": false,
   "lastModifyingUserName": "Henry Nguyen",
   "lastModifyingUser": {
    "kind": "drive#user",
    "displayName": "Henry Nguyen",
    "picture": {
     "url": "https://lh6.googleusercontent.com/-Ega7NDrvEXk/AAAAAAAAAAI/AAAAAAAAK-I/8IHhsxa_rng/s64/photo.jpg"
    },
    "isAuthenticatedUser": true,
    "permissionId": "07249038766634834573",
    "emailAddress": "henry2833@gmail.com"
   }
  },
  {
   "kind": "drive#revision",
   "etag": "\"7jfjW1hHjbiGExGhUGyzLXv8kzQ\"",
   "id": "569",
   "selfLink": "https://www.googleapis.com/drive/v2/files/1u1ZrB5rE8JfGb5y69hdtADX5fXeex9hXNDmUexYtOng/revisions/569",
   "mimeType": "application/vnd.google-apps.document",
   "modifiedDate": "2018-06-17T03:45:35.873Z",
   "published": false,
   "lastModifyingUserName": "Henry Nguyen",
   "lastModifyingUser": {
    "kind": "drive#user",
    "displayName": "Henry Nguyen",
    "picture": {
     "url": "https://lh6.googleusercontent.com/-Ega7NDrvEXk/AAAAAAAAAAI/AAAAAAAAK-I/8IHhsxa_rng/s64/photo.jpg"
    },
    "isAuthenticatedUser": true,
    "permissionId": "07249038766634834573",
    "emailAddress": "henry2833@gmail.com"
   }
  },
  {
   "kind": "drive#revision",
   "etag": "\"bdwvV02a6pCEQT-d7vdeOsyG6Hg\"",
   "id": "919",
   "selfLink": "https://www.googleapis.com/drive/v2/files/1u1ZrB5rE8JfGb5y69hdtADX5fXeex9hXNDmUexYtOng/revisions/919",
   "mimeType": "application/vnd.google-apps.document",
   "modifiedDate": "2018-06-17T05:39:05.332Z",
   "published": false,
   "lastModifyingUserName": "Henry Nguyen",
   "lastModifyingUser": {
    "kind": "drive#user",
    "displayName": "Henry Nguyen",
    "picture": {
     "url": "https://lh6.googleusercontent.com/-Ega7NDrvEXk/AAAAAAAAAAI/AAAAAAAAK-I/8IHhsxa_rng/s64/photo.jpg"
    },
    "isAuthenticatedUser": true,
    "permissionId": "07249038766634834573",
    "emailAddress": "henry2833@gmail.com"
   }
  },
  {
   "kind": "drive#revision",
   "etag": "\"649EVPLDG_J2jHjElTPz0SJq1oI\"",
   "id": "920",
   "selfLink": "https://www.googleapis.com/drive/v2/files/1u1ZrB5rE8JfGb5y69hdtADX5fXeex9hXNDmUexYtOng/revisions/920",
   "mimeType": "application/vnd.google-apps.document",
   "modifiedDate": "2018-06-17T15:58:14.012Z",
   "published": false,
   "lastModifyingUserName": "Henry Nguyen",
   "lastModifyingUser": {
    "kind": "drive#user",
    "displayName": "Henry Nguyen",
    "picture": {
     "url": "https://lh6.googleusercontent.com/-Ega7NDrvEXk/AAAAAAAAAAI/AAAAAAAAK-I/8IHhsxa_rng/s64/photo.jpg"
    },
    "isAuthenticatedUser": true,
    "permissionId": "07249038766634834573",
    "emailAddress": "henry2833@gmail.com"
   }
  },
  {
   "kind": "drive#revision",
   "etag": "\"RNCTuuC0Rk5oMBTuExH4YH4g990\"",
   "id": "922",
   "selfLink": "https://www.googleapis.com/drive/v2/files/1u1ZrB5rE8JfGb5y69hdtADX5fXeex9hXNDmUexYtOng/revisions/922",
   "mimeType": "application/vnd.google-apps.document",
   "modifiedDate": "2018-06-17T16:33:57.779Z",
   "published": false,
   "lastModifyingUserName": "Henry Nguyen",
   "lastModifyingUser": {
    "kind": "drive#user",
    "displayName": "Henry Nguyen",
    "picture": {
     "url": "https://lh6.googleusercontent.com/-Ega7NDrvEXk/AAAAAAAAAAI/AAAAAAAAK-I/8IHhsxa_rng/s64/photo.jpg"
    },
    "isAuthenticatedUser": true,
    "permissionId": "07249038766634834573",
    "emailAddress": "henry2833@gmail.com"
   }
  },
  {
   "kind": "drive#revision",
   "etag": "\"SLv7h6fr4o70IVGDG6cspKpwFSg\"",
   "id": "1424",
   "selfLink": "https://www.googleapis.com/drive/v2/files/1u1ZrB5rE8JfGb5y69hdtADX5fXeex9hXNDmUexYtOng/revisions/1424",
   "mimeType": "application/vnd.google-apps.document",
   "modifiedDate": "2018-06-17T19:35:38.533Z",
   "published": false,
   "lastModifyingUserName": "Henry Nguyen",
   "lastModifyingUser": {
    "kind": "drive#user",
    "displayName": "Henry Nguyen",
    "picture": {
     "url": "https://lh6.googleusercontent.com/-Ega7NDrvEXk/AAAAAAAAAAI/AAAAAAAAK-I/8IHhsxa_rng/s64/photo.jpg"
    },
    "isAuthenticatedUser": true,
    "permissionId": "07249038766634834573",
    "emailAddress": "henry2833@gmail.com"
   }
  }
 ]
}
{
  "error": {
    "code": 429,
    "message": "Quota exceeded for quota metric 'Query Requests' and limit 'Query Requests per minute per user' of service 'driveactivity.googleapis.com' for consumer 'project_number:788399211597'.",
    "status": "RESOURCE_EXHAUSTED",
    "details": [
      {
        "@type": "type.googleapis.com/google.rpc.Help",
        "links": [
          {
            "description": "Google developer console API key",
            "url": "https://console.developers.google.com/project/788399211597/apiui/credential"
          }
        ]
      }
    ]
  }
}
{
 "kind": "drive#revisionList",
 "etag": "\"RE3v8QEXUdVCYbUMIKi2B0kuZ8A\"",
 "selfLink": "https://www.googleapis.com/drive/v2/files/1Ac1Qh6p3Cq6XHlWf2-wRLZ_naYPJLXZoDbgJfy6w-YY/revisions",
 "items": [
  {
   "kind": "drive#revision",
   "etag": "\"hBuSB4mXaqev2YZ-jlEb6Z3lf5c\"",
   "id": "1",
   "selfLink": "https://www.googleapis.com/drive/v2/files/1Ac1Qh6p3Cq6XHlWf2-wRLZ_naYPJLXZoDbgJfy6w-YY/revisions/1",
   "mimeType": "application/vnd.google-apps.document",
   "modifiedDate": "2018-04-25T01:50:10.675Z",
   "published": false,
   "lastModifyingUserName": "Henry Nguyen",
   "lastModifyingUser": {
    "kind": "drive#user",
    "displayName": "Henry Nguyen",
    "picture": {
     "url": "https://lh6.googleusercontent.com/-Ega7NDrvEXk/AAAAAAAAAAI/AAAAAAAAK-I/8IHhsxa_rng/s64/photo.jpg"
    },
    "isAuthenticatedUser": true,
    "permissionId": "07249038766634834573",
    "emailAddress": "henry2833@gmail.com"
   }
  },
  {
   "kind": "drive#revision",
   "etag": "\"3bjNgxm_xrfCce_GZfZhvF6kmLE\"",
   "id": "3",
   "selfLink": "https://www.googleapis.com/drive/v2/files/1Ac1Qh6p3Cq6XHlWf2-wRLZ_naYPJLXZoDbgJfy6w-YY/revisions/3",
   "mimeType": "application/vnd.google-apps.document",
   "modifiedDate": "2018-04-25T01:50:19.449Z",
   "published": false,
   "lastModifyingUserName": "Henry Nguyen",
   "lastModifyingUser": {
    "kind": "drive#user",
    "displayName": "Henry Nguyen",
    "picture": {
     "url": "https://lh6.googleusercontent.com/-Ega7NDrvEXk/AAAAAAAAAAI/AAAAAAAAK-I/8IHhsxa_rng/s64/photo.jpg"
    },
    "isAuthenticatedUser": true,
    "permissionId": "07249038766634834573",
    "emailAddress": "henry2833@gmail.com"
   }
  }
 ]
}
{
  "error": {
    "code": 429,
    "message": "Quota exceeded for quota metric 'Query Requests' and limit 'Query Requests per minute per user' of service 'driveactivity.googleapis.com' for consumer 'project_number:788399211597'.",
    "status": "RESOURCE_EXHAUSTED",
    "details": [
      {
        "@type": "type.googleapis.com/google.rpc.Help",
        "links": [
          {
            "description": "Google developer console API key",
            "url": "https://console.developers.google.com/project/788399211597/apiui/credential"
          }
        ]
      }
    ]
  }
}
{
 "kind": "drive#revisionList",
 "etag": "\"X3iazCiqICr8MvlNZqXe0zvEWzk\"",
 "selfLink": "https://www.googleapis.com/drive/v2/files/1rYeomn5QTElgFAErrnBtX4iR9p8G7AWrBNZN0t83QyI/revisions",
 "items": [
  {
   "kind": "drive#revision",
   "etag": "\"mIa3UuCi4U1NGvkbvOrwTHuC9v4\"",
   "id": "1",
   "selfLink": "https://www.googleapis.com/drive/v2/files/1rYeomn5QTElgFAErrnBtX4iR9p8G7AWrBNZN0t83QyI/revisions/1",
   "mimeType": "application/vnd.google-apps.document",
   "modifiedDate": "2018-01-01T22:58:58.028Z",
   "published": false,
   "lastModifyingUserName": "Henry Nguyen",
   "lastModifyingUser": {
    "kind": "drive#user",
    "displayName": "Henry Nguyen",
    "picture": {
     "url": "https://lh6.googleusercontent.com/-Ega7NDrvEXk/AAAAAAAAAAI/AAAAAAAAK-I/8IHhsxa_rng/s64/photo.jpg"
    },
    "isAuthenticatedUser": true,
    "permissionId": "07249038766634834573",
    "emailAddress": "henry2833@gmail.com"
   }
  },
  {
   "kind": "drive#revision",
   "etag": "\"p5JPvKA8h7bPterMoPxW17SDxkA\"",
   "id": "132",
   "selfLink": "https://www.googleapis.com/drive/v2/files/1rYeomn5QTElgFAErrnBtX4iR9p8G7AWrBNZN0t83QyI/revisions/132",
   "mimeType": "application/vnd.google-apps.document",
   "modifiedDate": "2018-01-01T23:00:46.271Z",
   "published": false,
   "lastModifyingUserName": "Henry Nguyen",
   "lastModifyingUser": {
    "kind": "drive#user",
    "displayName": "Henry Nguyen",
    "picture": {
     "url": "https://lh6.googleusercontent.com/-Ega7NDrvEXk/AAAAAAAAAAI/AAAAAAAAK-I/8IHhsxa_rng/s64/photo.jpg"
    },
    "isAuthenticatedUser": true,
    "permissionId": "07249038766634834573",
    "emailAddress": "henry2833@gmail.com"
   }
  },
  {
   "kind": "drive#revision",
   "etag": "\"ZQsqNBBIs_o6ebQCVltKsY9r_68\"",
   "id": "222",
   "selfLink": "https://www.googleapis.com/drive/v2/files/1rYeomn5QTElgFAErrnBtX4iR9p8G7AWrBNZN0t83QyI/revisions/222",
   "mimeType": "application/vnd.google-apps.document",
   "modifiedDate": "2018-01-02T00:49:44.302Z",
   "published": false,
   "lastModifyingUserName": "Henry Nguyen",
   "lastModifyingUser": {
    "kind": "drive#user",
    "displayName": "Henry Nguyen",
    "picture": {
     "url": "https://lh6.googleusercontent.com/-Ega7NDrvEXk/AAAAAAAAAAI/AAAAAAAAK-I/8IHhsxa_rng/s64/photo.jpg"
    },
    "isAuthenticatedUser": true,
    "permissionId": "07249038766634834573",
    "emailAddress": "henry2833@gmail.com"
   }
  },
  {
   "kind": "drive#revision",
   "etag": "\"Q_Ou0Hu9K8N58T1AHu9VN8LYFmU\"",
   "id": "401",
   "selfLink": "https://www.googleapis.com/drive/v2/files/1rYeomn5QTElgFAErrnBtX4iR9p8G7AWrBNZN0t83QyI/revisions/401",
   "mimeType": "application/vnd.google-apps.document",
   "modifiedDate": "2018-01-02T02:57:53.740Z",
   "published": false,
   "lastModifyingUserName": "Henry Nguyen",
   "lastModifyingUser": {
    "kind": "drive#user",
    "displayName": "Henry Nguyen",
    "picture": {
     "url": "https://lh6.googleusercontent.com/-Ega7NDrvEXk/AAAAAAAAAAI/AAAAAAAAK-I/8IHhsxa_rng/s64/photo.jpg"
    },
    "isAuthenticatedUser": true,
    "permissionId": "07249038766634834573",
    "emailAddress": "henry2833@gmail.com"
   }
  },
  {
   "kind": "drive#revision",
   "etag": "\"4eqNSt7YWvN8h4G1zEVyXh3ulSU\"",
   "id": "402",
   "selfLink": "https://www.googleapis.com/drive/v2/files/1rYeomn5QTElgFAErrnBtX4iR9p8G7AWrBNZN0t83QyI/revisions/402",
   "mimeType": "application/vnd.google-apps.document",
   "modifiedDate": "2018-01-02T18:12:48.385Z",
   "published": false,
   "lastModifyingUserName": "Henry Nguyen",
   "lastModifyingUser": {
    "kind": "drive#user",
    "displayName": "Henry Nguyen",
    "picture": {
     "url": "https://lh6.googleusercontent.com/-Ega7NDrvEXk/AAAAAAAAAAI/AAAAAAAAK-I/8IHhsxa_rng/s64/photo.jpg"
    },
    "isAuthenticatedUser": true,
    "permissionId": "07249038766634834573",
    "emailAddress": "henry2833@gmail.com"
   }
  },
  {
   "kind": "drive#revision",
   "etag": "\"4Xvr8Cy6-f7S-4FXpT996bcaQzo\"",
   "id": "413",
   "selfLink": "https://www.googleapis.com/drive/v2/files/1rYeomn5QTElgFAErrnBtX4iR9p8G7AWrBNZN0t83QyI/revisions/413",
   "mimeType": "application/vnd.google-apps.document",
   "modifiedDate": "2018-01-02T20:12:51.246Z",
   "published": false,
   "lastModifyingUserName": "Henry Nguyen",
   "lastModifyingUser": {
    "kind": "drive#user",
    "displayName": "Henry Nguyen",
    "picture": {
     "url": "https://lh6.googleusercontent.com/-Ega7NDrvEXk/AAAAAAAAAAI/AAAAAAAAK-I/8IHhsxa_rng/s64/photo.jpg"
    },
    "isAuthenticatedUser": true,
    "permissionId": "07249038766634834573",
    "emailAddress": "henry2833@gmail.com"
   }
  },
  {
   "kind": "drive#revision",
   "etag": "\"zollcNEA6cu7SRI6WlZkAYr_BkA\"",
   "id": "531",
   "selfLink": "https://www.googleapis.com/drive/v2/files/1rYeomn5QTElgFAErrnBtX4iR9p8G7AWrBNZN0t83QyI/revisions/531",
   "mimeType": "application/vnd.google-apps.document",
   "modifiedDate": "2018-01-02T22:32:02.867Z",
   "published": false,
   "lastModifyingUserName": "Henry Nguyen",
   "lastModifyingUser": {
    "kind": "drive#user",
    "displayName": "Henry Nguyen",
    "picture": {
     "url": "https://lh6.googleusercontent.com/-Ega7NDrvEXk/AAAAAAAAAAI/AAAAAAAAK-I/8IHhsxa_rng/s64/photo.jpg"
    },
    "isAuthenticatedUser": true,
    "permissionId": "07249038766634834573",
    "emailAddress": "henry2833@gmail.com"
   }
  },
  {
   "kind": "drive#revision",
   "etag": "\"Lk02dX3i5en71RZPrVLtMN7_WWQ\"",
   "id": "634",
   "selfLink": "https://www.googleapis.com/drive/v2/files/1rYeomn5QTElgFAErrnBtX4iR9p8G7AWrBNZN0t83QyI/revisions/634",
   "mimeType": "application/vnd.google-apps.document",
   "modifiedDate": "2018-01-03T01:27:44.675Z",
   "published": false,
   "lastModifyingUserName": "Henry Nguyen",
   "lastModifyingUser": {
    "kind": "drive#user",
    "displayName": "Henry Nguyen",
    "picture": {
     "url": "https://lh6.googleusercontent.com/-Ega7NDrvEXk/AAAAAAAAAAI/AAAAAAAAK-I/8IHhsxa_rng/s64/photo.jpg"
    },
    "isAuthenticatedUser": true,
    "permissionId": "07249038766634834573",
    "emailAddress": "henry2833@gmail.com"
   }
  },
  {
   "kind": "drive#revision",
   "etag": "\"_0gO-Cai2VdE6flpAlGef3iCOk8\"",
   "id": "1043",
   "selfLink": "https://www.googleapis.com/drive/v2/files/1rYeomn5QTElgFAErrnBtX4iR9p8G7AWrBNZN0t83QyI/revisions/1043",
   "mimeType": "application/vnd.google-apps.document",
   "modifiedDate": "2018-01-13T02:36:04.012Z",
   "published": false,
   "lastModifyingUserName": "Henry Nguyen",
   "lastModifyingUser": {
    "kind": "drive#user",
    "displayName": "Henry Nguyen",
    "picture": {
     "url": "https://lh6.googleusercontent.com/-Ega7NDrvEXk/AAAAAAAAAAI/AAAAAAAAK-I/8IHhsxa_rng/s64/photo.jpg"
    },
    "isAuthenticatedUser": true,
    "permissionId": "07249038766634834573",
    "emailAddress": "henry2833@gmail.com"
   }
  },
  {
   "kind": "drive#revision",
   "etag": "\"VwC1TMKgmptRg4rgHdQqrJ-Piok\"",
   "id": "1235",
   "selfLink": "https://www.googleapis.com/drive/v2/files/1rYeomn5QTElgFAErrnBtX4iR9p8G7AWrBNZN0t83QyI/revisions/1235",
   "mimeType": "application/vnd.google-apps.document",
   "modifiedDate": "2018-01-13T03:41:52.632Z",
   "published": false,
   "lastModifyingUserName": "Henry Nguyen",
   "lastModifyingUser": {
    "kind": "drive#user",
    "displayName": "Henry Nguyen",
    "picture": {
     "url": "https://lh6.googleusercontent.com/-Ega7NDrvEXk/AAAAAAAAAAI/AAAAAAAAK-I/8IHhsxa_rng/s64/photo.jpg"
    },
    "isAuthenticatedUser": true,
    "permissionId": "07249038766634834573",
    "emailAddress": "henry2833@gmail.com"
   }
  },
  {
   "kind": "drive#revision",
   "etag": "\"4DQayBFl-wznRxnzQ2U22EE9Dts\"",
   "id": "1531",
   "selfLink": "https://www.googleapis.com/drive/v2/files/1rYeomn5QTElgFAErrnBtX4iR9p8G7AWrBNZN0t83QyI/revisions/1531",
   "mimeType": "application/vnd.google-apps.document",
   "modifiedDate": "2018-01-13T06:24:08.398Z",
   "published": false,
   "lastModifyingUserName": "Henry Nguyen",
   "lastModifyingUser": {
    "kind": "drive#user",
    "displayName": "Henry Nguyen",
    "picture": {
     "url": "https://lh6.googleusercontent.com/-Ega7NDrvEXk/AAAAAAAAAAI/AAAAAAAAK-I/8IHhsxa_rng/s64/photo.jpg"
    },
    "isAuthenticatedUser": true,
    "permissionId": "07249038766634834573",
    "emailAddress": "henry2833@gmail.com"
   }
  },
  {
   "kind": "drive#revision",
   "etag": "\"vvX-CaSrz6HYfiGJ3tdYuz7B4CY\"",
   "id": "1930",
   "selfLink": "https://www.googleapis.com/drive/v2/files/1rYeomn5QTElgFAErrnBtX4iR9p8G7AWrBNZN0t83QyI/revisions/1930",
   "mimeType": "application/vnd.google-apps.document",
   "modifiedDate": "2018-04-04T03:58:32.429Z",
   "published": false,
   "lastModifyingUserName": "Henry Nguyen",
   "lastModifyingUser": {
    "kind": "drive#user",
    "displayName": "Henry Nguyen",
    "picture": {
     "url": "https://lh6.googleusercontent.com/-Ega7NDrvEXk/AAAAAAAAAAI/AAAAAAAAK-I/8IHhsxa_rng/s64/photo.jpg"
    },
    "isAuthenticatedUser": true,
    "permissionId": "07249038766634834573",
    "emailAddress": "henry2833@gmail.com"
   }
  },
  {
   "kind": "drive#revision",
   "etag": "\"AZtHj88zcaKDnsxg_yYemEnE5uk\"",
   "id": "2257",
   "selfLink": "https://www.googleapis.com/drive/v2/files/1rYeomn5QTElgFAErrnBtX4iR9p8G7AWrBNZN0t83QyI/revisions/2257",
   "mimeType": "application/vnd.google-apps.document",
   "modifiedDate": "2018-04-04T05:06:20.171Z",
   "published": false,
   "lastModifyingUserName": "Henry Nguyen",
   "lastModifyingUser": {
    "kind": "drive#user",
    "displayName": "Henry Nguyen",
    "picture": {
     "url": "https://lh6.googleusercontent.com/-Ega7NDrvEXk/AAAAAAAAAAI/AAAAAAAAK-I/8IHhsxa_rng/s64/photo.jpg"
    },
    "isAuthenticatedUser": true,
    "permissionId": "07249038766634834573",
    "emailAddress": "henry2833@gmail.com"
   }
  },
  {
   "kind": "drive#revision",
   "etag": "\"g8ZQslt1DhvurPO17r7DnoRmwHY\"",
   "id": "2338",
   "selfLink": "https://www.googleapis.com/drive/v2/files/1rYeomn5QTElgFAErrnBtX4iR9p8G7AWrBNZN0t83QyI/revisions/2338",
   "mimeType": "application/vnd.google-apps.document",
   "modifiedDate": "2018-04-05T00:49:19.162Z",
   "published": false,
   "lastModifyingUserName": "Henry Nguyen",
   "lastModifyingUser": {
    "kind": "drive#user",
    "displayName": "Henry Nguyen",
    "picture": {
     "url": "https://lh6.googleusercontent.com/-Ega7NDrvEXk/AAAAAAAAAAI/AAAAAAAAK-I/8IHhsxa_rng/s64/photo.jpg"
    },
    "isAuthenticatedUser": true,
    "permissionId": "07249038766634834573",
    "emailAddress": "henry2833@gmail.com"
   }
  },
  {
   "kind": "drive#revision",
   "etag": "\"0ULSCk9M7xLjnCBbw0ZEt1UWxwY\"",
   "id": "2342",
   "selfLink": "https://www.googleapis.com/drive/v2/files/1rYeomn5QTElgFAErrnBtX4iR9p8G7AWrBNZN0t83QyI/revisions/2342",
   "mimeType": "application/vnd.google-apps.document",
   "modifiedDate": "2018-04-05T02:43:25.480Z",
   "published": false,
   "lastModifyingUserName": "Henry Nguyen",
   "lastModifyingUser": {
    "kind": "drive#user",
    "displayName": "Henry Nguyen",
    "picture": {
     "url": "https://lh6.googleusercontent.com/-Ega7NDrvEXk/AAAAAAAAAAI/AAAAAAAAK-I/8IHhsxa_rng/s64/photo.jpg"
    },
    "isAuthenticatedUser": true,
    "permissionId": "07249038766634834573",
    "emailAddress": "henry2833@gmail.com"
   }
  },
  {
   "kind": "drive#revision",
   "etag": "\"t5VB5C_EGLAj9zCigC3Sxt90Hf4\"",
   "id": "2347",
   "selfLink": "https://www.googleapis.com/drive/v2/files/1rYeomn5QTElgFAErrnBtX4iR9p8G7AWrBNZN0t83QyI/revisions/2347",
   "mimeType": "application/vnd.google-apps.document",
   "modifiedDate": "2018-04-05T23:13:32.486Z",
   "published": false,
   "lastModifyingUserName": "Henry Nguyen",
   "lastModifyingUser": {
    "kind": "drive#user",
    "displayName": "Henry Nguyen",
    "picture": {
     "url": "https://lh6.googleusercontent.com/-Ega7NDrvEXk/AAAAAAAAAAI/AAAAAAAAK-I/8IHhsxa_rng/s64/photo.jpg"
    },
    "isAuthenticatedUser": true,
    "permissionId": "07249038766634834573",
    "emailAddress": "henry2833@gmail.com"
   }
  },
  {
   "kind": "drive#revision",
   "etag": "\"4pTf9SAoxIsn1UTKdWaA4voHcJw\"",
   "id": "2359",
   "selfLink": "https://www.googleapis.com/drive/v2/files/1rYeomn5QTElgFAErrnBtX4iR9p8G7AWrBNZN0t83QyI/revisions/2359",
   "mimeType": "application/vnd.google-apps.document",
   "modifiedDate": "2018-04-06T04:55:59.870Z",
   "published": false,
   "lastModifyingUserName": "Henry Nguyen",
   "lastModifyingUser": {
    "kind": "drive#user",
    "displayName": "Henry Nguyen",
    "picture": {
     "url": "https://lh6.googleusercontent.com/-Ega7NDrvEXk/AAAAAAAAAAI/AAAAAAAAK-I/8IHhsxa_rng/s64/photo.jpg"
    },
    "isAuthenticatedUser": true,
    "permissionId": "07249038766634834573",
    "emailAddress": "henry2833@gmail.com"
   }
  },
  {
   "kind": "drive#revision",
   "etag": "\"RdLEJn0WcaVSJ3VZLY6Gz7c2xpU\"",
   "id": "2396",
   "selfLink": "https://www.googleapis.com/drive/v2/files/1rYeomn5QTElgFAErrnBtX4iR9p8G7AWrBNZN0t83QyI/revisions/2396",
   "mimeType": "application/vnd.google-apps.document",
   "modifiedDate": "2018-04-08T16:13:45.520Z",
   "published": false,
   "lastModifyingUserName": "Henry Nguyen",
   "lastModifyingUser": {
    "kind": "drive#user",
    "displayName": "Henry Nguyen",
    "picture": {
     "url": "https://lh6.googleusercontent.com/-Ega7NDrvEXk/AAAAAAAAAAI/AAAAAAAAK-I/8IHhsxa_rng/s64/photo.jpg"
    },
    "isAuthenticatedUser": true,
    "permissionId": "07249038766634834573",
    "emailAddress": "henry2833@gmail.com"
   }
  }
 ]
}
{
  "error": {
    "code": 429,
    "message": "Quota exceeded for quota metric 'Query Requests' and limit 'Query Requests per minute per user' of service 'driveactivity.googleapis.com' for consumer 'project_number:788399211597'.",
    "status": "RESOURCE_EXHAUSTED",
    "details": [
      {
        "@type": "type.googleapis.com/google.rpc.Help",
        "links": [
          {
            "description": "Google developer console API key",
            "url": "https://console.developers.google.com/project/788399211597/apiui/credential"
          }
        ]
      }
    ]
  }
}
{
 "kind": "drive#revisionList",
 "etag": "\"qPVlYkgUmcklIUam9cPpzBHc-vo\"",
 "selfLink": "https://www.googleapis.com/drive/v2/files/17Ar8JD8IDNr2zTGLCX_m5VNUwhVI-z27amxEYdMZo9A/revisions",
 "items": [
  {
   "kind": "drive#revision",
   "etag": "\"1tUp2K0Wc0GDYQtJg7QjzwIFNnE\"",
   "id": "2777",
   "selfLink": "https://www.googleapis.com/drive/v2/files/17Ar8JD8IDNr2zTGLCX_m5VNUwhVI-z27amxEYdMZo9A/revisions/2777",
   "mimeType": "application/vnd.google-apps.document",
   "modifiedDate": "2017-07-23T20:40:00.172Z",
   "published": false,
   "lastModifyingUserName": "Henry Nguyen",
   "lastModifyingUser": {
    "kind": "drive#user",
    "displayName": "Henry Nguyen",
    "picture": {
     "url": "https://lh6.googleusercontent.com/-Ega7NDrvEXk/AAAAAAAAAAI/AAAAAAAAK-I/8IHhsxa_rng/s64/photo.jpg"
    },
    "isAuthenticatedUser": true,
    "permissionId": "07249038766634834573",
    "emailAddress": "henry2833@gmail.com"
   }
  },
  {
   "kind": "drive#revision",
   "etag": "\"hcYPjmXiIXD2AUcqwa772EjDfTw\"",
   "id": "3274",
   "selfLink": "https://www.googleapis.com/drive/v2/files/17Ar8JD8IDNr2zTGLCX_m5VNUwhVI-z27amxEYdMZo9A/revisions/3274",
   "mimeType": "application/vnd.google-apps.document",
   "modifiedDate": "2017-07-23T22:26:25.635Z",
   "published": false,
   "lastModifyingUserName": "Henry Nguyen",
   "lastModifyingUser": {
    "kind": "drive#user",
    "displayName": "Henry Nguyen",
    "picture": {
     "url": "https://lh6.googleusercontent.com/-Ega7NDrvEXk/AAAAAAAAAAI/AAAAAAAAK-I/8IHhsxa_rng/s64/photo.jpg"
    },
    "isAuthenticatedUser": true,
    "permissionId": "07249038766634834573",
    "emailAddress": "henry2833@gmail.com"
   }
  },
  {
   "kind": "drive#revision",
   "etag": "\"VTqrUB1RhFQ2sIjehGaFe2igJeA\"",
   "id": "3581",
   "selfLink": "https://www.googleapis.com/drive/v2/files/17Ar8JD8IDNr2zTGLCX_m5VNUwhVI-z27amxEYdMZo9A/revisions/3581",
   "mimeType": "application/vnd.google-apps.document",
   "modifiedDate": "2017-07-23T23:54:56.555Z",
   "published": false,
   "lastModifyingUserName": "Henry Nguyen",
   "lastModifyingUser": {
    "kind": "drive#user",
    "displayName": "Henry Nguyen",
    "picture": {
     "url": "https://lh6.googleusercontent.com/-Ega7NDrvEXk/AAAAAAAAAAI/AAAAAAAAK-I/8IHhsxa_rng/s64/photo.jpg"
    },
    "isAuthenticatedUser": true,
    "permissionId": "07249038766634834573",
    "emailAddress": "henry2833@gmail.com"
   }
  },
  {
   "kind": "drive#revision",
   "etag": "\"zIIYmJTxke-eKGnB14QUDh2q5Rs\"",
   "id": "4073",
   "selfLink": "https://www.googleapis.com/drive/v2/files/17Ar8JD8IDNr2zTGLCX_m5VNUwhVI-z27amxEYdMZo9A/revisions/4073",
   "mimeType": "application/vnd.google-apps.document",
   "modifiedDate": "2017-07-24T21:49:10.191Z",
   "published": false,
   "lastModifyingUserName": "Henry Nguyen",
   "lastModifyingUser": {
    "kind": "drive#user",
    "displayName": "Henry Nguyen",
    "picture": {
     "url": "https://lh6.googleusercontent.com/-Ega7NDrvEXk/AAAAAAAAAAI/AAAAAAAAK-I/8IHhsxa_rng/s64/photo.jpg"
    },
    "isAuthenticatedUser": true,
    "permissionId": "07249038766634834573",
    "emailAddress": "henry2833@gmail.com"
   }
  },
  {
   "kind": "drive#revision",
   "etag": "\"xg3oukdYeSfGiBZPwE_JvBdMSVM\"",
   "id": "4119",
   "selfLink": "https://www.googleapis.com/drive/v2/files/17Ar8JD8IDNr2zTGLCX_m5VNUwhVI-z27amxEYdMZo9A/revisions/4119",
   "mimeType": "application/vnd.google-apps.document",
   "modifiedDate": "2017-07-25T00:01:30.210Z",
   "published": false,
   "lastModifyingUserName": "Henry Nguyen",
   "lastModifyingUser": {
    "kind": "drive#user",
    "displayName": "Henry Nguyen",
    "picture": {
     "url": "https://lh6.googleusercontent.com/-Ega7NDrvEXk/AAAAAAAAAAI/AAAAAAAAK-I/8IHhsxa_rng/s64/photo.jpg"
    },
    "isAuthenticatedUser": true,
    "permissionId": "07249038766634834573",
    "emailAddress": "henry2833@gmail.com"
   }
  },
  {
   "kind": "drive#revision",
   "etag": "\"zBTwWczGmc2Bt5NE8ENnwDQk7Zo\"",
   "id": "4548",
   "selfLink": "https://www.googleapis.com/drive/v2/files/17Ar8JD8IDNr2zTGLCX_m5VNUwhVI-z27amxEYdMZo9A/revisions/4548",
   "mimeType": "application/vnd.google-apps.document",
   "modifiedDate": "2017-07-25T03:42:34.760Z",
   "published": false,
   "lastModifyingUserName": "Henry Nguyen",
   "lastModifyingUser": {
    "kind": "drive#user",
    "displayName": "Henry Nguyen",
    "picture": {
     "url": "https://lh6.googleusercontent.com/-Ega7NDrvEXk/AAAAAAAAAAI/AAAAAAAAK-I/8IHhsxa_rng/s64/photo.jpg"
    },
    "isAuthenticatedUser": true,
    "permissionId": "07249038766634834573",
    "emailAddress": "henry2833@gmail.com"
   }
  },
  {
   "kind": "drive#revision",
   "etag": "\"I_VJx4T5tsB42lWBeNbln41lUrs\"",
   "id": "4838",
   "selfLink": "https://www.googleapis.com/drive/v2/files/17Ar8JD8IDNr2zTGLCX_m5VNUwhVI-z27amxEYdMZo9A/revisions/4838",
   "mimeType": "application/vnd.google-apps.document",
   "modifiedDate": "2017-07-25T20:43:06.645Z",
   "published": false,
   "lastModifyingUserName": "Henry Nguyen",
   "lastModifyingUser": {
    "kind": "drive#user",
    "displayName": "Henry Nguyen",
    "picture": {
     "url": "https://lh6.googleusercontent.com/-Ega7NDrvEXk/AAAAAAAAAAI/AAAAAAAAK-I/8IHhsxa_rng/s64/photo.jpg"
    },
    "isAuthenticatedUser": true,
    "permissionId": "07249038766634834573",
    "emailAddress": "henry2833@gmail.com"
   }
  },
  {
   "kind": "drive#revision",
   "etag": "\"PtHl3D9v7qTLzNFWLMtjTn4QIRE\"",
   "id": "5156",
   "selfLink": "https://www.googleapis.com/drive/v2/files/17Ar8JD8IDNr2zTGLCX_m5VNUwhVI-z27amxEYdMZo9A/revisions/5156",
   "mimeType": "application/vnd.google-apps.document",
   "modifiedDate": "2017-07-26T03:07:39.241Z",
   "published": false,
   "lastModifyingUserName": "Henry Nguyen",
   "lastModifyingUser": {
    "kind": "drive#user",
    "displayName": "Henry Nguyen",
    "picture": {
     "url": "https://lh6.googleusercontent.com/-Ega7NDrvEXk/AAAAAAAAAAI/AAAAAAAAK-I/8IHhsxa_rng/s64/photo.jpg"
    },
    "isAuthenticatedUser": true,
    "permissionId": "07249038766634834573",
    "emailAddress": "henry2833@gmail.com"
   }
  },
  {
   "kind": "drive#revision",
   "etag": "\"amm7pOObEBg_q2Vxp69KlGBiIjk\"",
   "id": "5649",
   "selfLink": "https://www.googleapis.com/drive/v2/files/17Ar8JD8IDNr2zTGLCX_m5VNUwhVI-z27amxEYdMZo9A/revisions/5649",
   "mimeType": "application/vnd.google-apps.document",
   "modifiedDate": "2017-07-26T04:40:56.469Z",
   "published": false,
   "lastModifyingUserName": "Henry Nguyen",
   "lastModifyingUser": {
    "kind": "drive#user",
    "displayName": "Henry Nguyen",
    "picture": {
     "url": "https://lh6.googleusercontent.com/-Ega7NDrvEXk/AAAAAAAAAAI/AAAAAAAAK-I/8IHhsxa_rng/s64/photo.jpg"
    },
    "isAuthenticatedUser": true,
    "permissionId": "07249038766634834573",
    "emailAddress": "henry2833@gmail.com"
   }
  },
  {
   "kind": "drive#revision",
   "etag": "\"nKDbTY_SSkzlhWLkGDDiBDIYdN0\"",
   "id": "6204",
   "selfLink": "https://www.googleapis.com/drive/v2/files/17Ar8JD8IDNr2zTGLCX_m5VNUwhVI-z27amxEYdMZo9A/revisions/6204",
   "mimeType": "application/vnd.google-apps.document",
   "modifiedDate": "2017-07-26T21:32:52.688Z",
   "published": false,
   "lastModifyingUserName": "Henry Nguyen",
   "lastModifyingUser": {
    "kind": "drive#user",
    "displayName": "Henry Nguyen",
    "picture": {
     "url": "https://lh6.googleusercontent.com/-Ega7NDrvEXk/AAAAAAAAAAI/AAAAAAAAK-I/8IHhsxa_rng/s64/photo.jpg"
    },
    "isAuthenticatedUser": true,
    "permissionId": "07249038766634834573",
    "emailAddress": "henry2833@gmail.com"
   }
  },
  {
   "kind": "drive#revision",
   "etag": "\"UvMc8QGf24o5Lweqr15zYlCWODc\"",
   "id": "6283",
   "selfLink": "https://www.googleapis.com/drive/v2/files/17Ar8JD8IDNr2zTGLCX_m5VNUwhVI-z27amxEYdMZo9A/revisions/6283",
   "mimeType": "application/vnd.google-apps.document",
   "modifiedDate": "2017-07-27T00:00:31.151Z",
   "published": false,
   "lastModifyingUserName": "Henry Nguyen",
   "lastModifyingUser": {
    "kind": "drive#user",
    "displayName": "Henry Nguyen",
    "picture": {
     "url": "https://lh6.googleusercontent.com/-Ega7NDrvEXk/AAAAAAAAAAI/AAAAAAAAK-I/8IHhsxa_rng/s64/photo.jpg"
    },
    "isAuthenticatedUser": true,
    "permissionId": "07249038766634834573",
    "emailAddress": "henry2833@gmail.com"
   }
  },
  {
   "kind": "drive#revision",
   "etag": "\"CY-MeI5jiCRmebLX8qlR7hv1tEU\"",
   "id": "6411",
   "selfLink": "https://www.googleapis.com/drive/v2/files/17Ar8JD8IDNr2zTGLCX_m5VNUwhVI-z27amxEYdMZo9A/revisions/6411",
   "mimeType": "application/vnd.google-apps.document",
   "modifiedDate": "2017-07-27T01:07:24.574Z",
   "published": false,
   "lastModifyingUserName": "Henry Nguyen",
   "lastModifyingUser": {
    "kind": "drive#user",
    "displayName": "Henry Nguyen",
    "picture": {
     "url": "https://lh6.googleusercontent.com/-Ega7NDrvEXk/AAAAAAAAAAI/AAAAAAAAK-I/8IHhsxa_rng/s64/photo.jpg"
    },
    "isAuthenticatedUser": true,
    "permissionId": "07249038766634834573",
    "emailAddress": "henry2833@gmail.com"
   }
  },
  {
   "kind": "drive#revision",
   "etag": "\"iVMS3ju9QaFGMCB8UpSncMHhhv4\"",
   "id": "6541",
   "selfLink": "https://www.googleapis.com/drive/v2/files/17Ar8JD8IDNr2zTGLCX_m5VNUwhVI-z27amxEYdMZo9A/revisions/6541",
   "mimeType": "application/vnd.google-apps.document",
   "modifiedDate": "2017-07-27T01:45:43.906Z",
   "published": false,
   "lastModifyingUserName": "Henry Nguyen",
   "lastModifyingUser": {
    "kind": "drive#user",
    "displayName": "Henry Nguyen",
    "picture": {
     "url": "https://lh6.googleusercontent.com/-Ega7NDrvEXk/AAAAAAAAAAI/AAAAAAAAK-I/8IHhsxa_rng/s64/photo.jpg"
    },
    "isAuthenticatedUser": true,
    "permissionId": "07249038766634834573",
    "emailAddress": "henry2833@gmail.com"
   }
  },
  {
   "kind": "drive#revision",
   "etag": "\"nm9VpfPXe9OucwrjwNzB6NDofyY\"",
   "id": "6543",
   "selfLink": "https://www.googleapis.com/drive/v2/files/17Ar8JD8IDNr2zTGLCX_m5VNUwhVI-z27amxEYdMZo9A/revisions/6543",
   "mimeType": "application/vnd.google-apps.document",
   "modifiedDate": "2017-07-27T20:36:04.296Z",
   "published": false,
   "lastModifyingUserName": "Henry Nguyen",
   "lastModifyingUser": {
    "kind": "drive#user",
    "displayName": "Henry Nguyen",
    "picture": {
     "url": "https://lh6.googleusercontent.com/-Ega7NDrvEXk/AAAAAAAAAAI/AAAAAAAAK-I/8IHhsxa_rng/s64/photo.jpg"
    },
    "isAuthenticatedUser": true,
    "permissionId": "07249038766634834573",
    "emailAddress": "henry2833@gmail.com"
   }
  },
  {
   "kind": "drive#revision",
   "etag": "\"Lnz-PrHfLuAQJTDa_jReKX6I-Ys\"",
   "id": "6630",
   "selfLink": "https://www.googleapis.com/drive/v2/files/17Ar8JD8IDNr2zTGLCX_m5VNUwhVI-z27amxEYdMZo9A/revisions/6630",
   "mimeType": "application/vnd.google-apps.document",
   "modifiedDate": "2017-08-10T18:43:46.308Z",
   "published": false,
   "lastModifyingUserName": "Henry Nguyen",
   "lastModifyingUser": {
    "kind": "drive#user",
    "displayName": "Henry Nguyen",
    "picture": {
     "url": "https://lh6.googleusercontent.com/-Ega7NDrvEXk/AAAAAAAAAAI/AAAAAAAAK-I/8IHhsxa_rng/s64/photo.jpg"
    },
    "isAuthenticatedUser": true,
    "permissionId": "07249038766634834573",
    "emailAddress": "henry2833@gmail.com"
   }
  },
  {
   "kind": "drive#revision",
   "etag": "\"4i_2-2lIayS73vIb-yFwLWIi74g\"",
   "id": "6651",
   "selfLink": "https://www.googleapis.com/drive/v2/files/17Ar8JD8IDNr2zTGLCX_m5VNUwhVI-z27amxEYdMZo9A/revisions/6651",
   "mimeType": "application/vnd.google-apps.document",
   "modifiedDate": "2017-08-10T19:28:33.294Z",
   "published": false,
   "lastModifyingUserName": "Henry Nguyen",
   "lastModifyingUser": {
    "kind": "drive#user",
    "displayName": "Henry Nguyen",
    "picture": {
     "url": "https://lh6.googleusercontent.com/-Ega7NDrvEXk/AAAAAAAAAAI/AAAAAAAAK-I/8IHhsxa_rng/s64/photo.jpg"
    },
    "isAuthenticatedUser": true,
    "permissionId": "07249038766634834573",
    "emailAddress": "henry2833@gmail.com"
   }
  },
  {
   "kind": "drive#revision",
   "etag": "\"V0W_8-ZVF_C8FNWuXSMwkEfAHmU\"",
   "id": "6729",
   "selfLink": "https://www.googleapis.com/drive/v2/files/17Ar8JD8IDNr2zTGLCX_m5VNUwhVI-z27amxEYdMZo9A/revisions/6729",
   "mimeType": "application/vnd.google-apps.document",
   "modifiedDate": "2018-04-01T04:52:19.944Z",
   "published": false,
   "lastModifyingUserName": "Henry Nguyen",
   "lastModifyingUser": {
    "kind": "drive#user",
    "displayName": "Henry Nguyen",
    "picture": {
     "url": "https://lh6.googleusercontent.com/-Ega7NDrvEXk/AAAAAAAAAAI/AAAAAAAAK-I/8IHhsxa_rng/s64/photo.jpg"
    },
    "isAuthenticatedUser": true,
    "permissionId": "07249038766634834573",
    "emailAddress": "henry2833@gmail.com"
   }
  }
 ]
}
{
  "error": {
    "code": 429,
    "message": "Quota exceeded for quota metric 'Query Requests' and limit 'Query Requests per minute per user' of service 'driveactivity.googleapis.com' for consumer 'project_number:788399211597'.",
    "status": "RESOURCE_EXHAUSTED",
    "details": [
      {
        "@type": "type.googleapis.com/google.rpc.Help",
        "links": [
          {
            "description": "Google developer console API key",
            "url": "https://console.developers.google.com/project/788399211597/apiui/credential"
          }
        ]
      }
    ]
  }
}
{
 "kind": "drive#revisionList",
 "etag": "\"tq0VSLsIg3_eUXO9UIg2AOTwY-A\"",
 "selfLink": "https://www.googleapis.com/drive/v2/files/1PXNN4iw_j8MhvbtcB4IejaUqw80-4wZhYsmDzKNd8Yo/revisions",
 "items": [
  {
   "kind": "drive#revision",
   "etag": "\"_Vy8jTLsTkbOUE10EAJtL2O30M8\"",
   "id": "1",
   "selfLink": "https://www.googleapis.com/drive/v2/files/1PXNN4iw_j8MhvbtcB4IejaUqw80-4wZhYsmDzKNd8Yo/revisions/1",
   "mimeType": "application/vnd.google-apps.document",
   "modifiedDate": "2018-03-23T03:37:29.774Z",
   "published": false,
   "lastModifyingUserName": "Henry Nguyen",
   "lastModifyingUser": {
    "kind": "drive#user",
    "displayName": "Henry Nguyen",
    "picture": {
     "url": "https://lh6.googleusercontent.com/-Ega7NDrvEXk/AAAAAAAAAAI/AAAAAAAAK-I/8IHhsxa_rng/s64/photo.jpg"
    },
    "isAuthenticatedUser": true,
    "permissionId": "07249038766634834573",
    "emailAddress": "henry2833@gmail.com"
   }
  },
  {
   "kind": "drive#revision",
   "etag": "\"l_0lrCCprLN1maWfjXByM4KO6QA\"",
   "id": "5",
   "selfLink": "https://www.googleapis.com/drive/v2/files/1PXNN4iw_j8MhvbtcB4IejaUqw80-4wZhYsmDzKNd8Yo/revisions/5",
   "mimeType": "application/vnd.google-apps.document",
   "modifiedDate": "2018-03-23T03:37:48.608Z",
   "published": false,
   "lastModifyingUserName": "Henry Nguyen",
   "lastModifyingUser": {
    "kind": "drive#user",
    "displayName": "Henry Nguyen",
    "picture": {
     "url": "https://lh6.googleusercontent.com/-Ega7NDrvEXk/AAAAAAAAAAI/AAAAAAAAK-I/8IHhsxa_rng/s64/photo.jpg"
    },
    "isAuthenticatedUser": true,
    "permissionId": "07249038766634834573",
    "emailAddress": "henry2833@gmail.com"
   }
  },
  {
   "kind": "drive#revision",
   "etag": "\"-3iDhrmPvxCwZdqFMM62pdev4l8\"",
   "id": "658",
   "selfLink": "https://www.googleapis.com/drive/v2/files/1PXNN4iw_j8MhvbtcB4IejaUqw80-4wZhYsmDzKNd8Yo/revisions/658",
   "mimeType": "application/vnd.google-apps.document",
   "modifiedDate": "2018-03-26T05:40:37.320Z",
   "published": false,
   "lastModifyingUserName": "Henry Nguyen",
   "lastModifyingUser": {
    "kind": "drive#user",
    "displayName": "Henry Nguyen",
    "picture": {
     "url": "https://lh6.googleusercontent.com/-Ega7NDrvEXk/AAAAAAAAAAI/AAAAAAAAK-I/8IHhsxa_rng/s64/photo.jpg"
    },
    "isAuthenticatedUser": true,
    "permissionId": "07249038766634834573",
    "emailAddress": "henry2833@gmail.com"
   }
  },
  {
   "kind": "drive#revision",
   "etag": "\"5YUfMc07V_q3ctwNZQW5b81di4U\"",
   "id": "747",
   "selfLink": "https://www.googleapis.com/drive/v2/files/1PXNN4iw_j8MhvbtcB4IejaUqw80-4wZhYsmDzKNd8Yo/revisions/747",
   "mimeType": "application/vnd.google-apps.document",
   "modifiedDate": "2018-03-26T19:17:55.255Z",
   "published": false,
   "lastModifyingUserName": "Henry Nguyen",
   "lastModifyingUser": {
    "kind": "drive#user",
    "displayName": "Henry Nguyen",
    "picture": {
     "url": "https://lh6.googleusercontent.com/-Ega7NDrvEXk/AAAAAAAAAAI/AAAAAAAAK-I/8IHhsxa_rng/s64/photo.jpg"
    },
    "isAuthenticatedUser": true,
    "permissionId": "07249038766634834573",
    "emailAddress": "henry2833@gmail.com"
   }
  },
  {
   "kind": "drive#revision",
   "etag": "\"6YEc-0EkYcejCJm4wQ4Idj-S9iU\"",
   "id": "978",
   "selfLink": "https://www.googleapis.com/drive/v2/files/1PXNN4iw_j8MhvbtcB4IejaUqw80-4wZhYsmDzKNd8Yo/revisions/978",
   "mimeType": "application/vnd.google-apps.document",
   "modifiedDate": "2018-03-26T20:38:00.515Z",
   "published": false,
   "lastModifyingUserName": "Henry Nguyen",
   "lastModifyingUser": {
    "kind": "drive#user",
    "displayName": "Henry Nguyen",
    "picture": {
     "url": "https://lh6.googleusercontent.com/-Ega7NDrvEXk/AAAAAAAAAAI/AAAAAAAAK-I/8IHhsxa_rng/s64/photo.jpg"
    },
    "isAuthenticatedUser": true,
    "permissionId": "07249038766634834573",
    "emailAddress": "henry2833@gmail.com"
   }
  },
  {
   "kind": "drive#revision",
   "etag": "\"6fbqxkLLYicKjjk7AydZq3LUJwk\"",
   "id": "1347",
   "selfLink": "https://www.googleapis.com/drive/v2/files/1PXNN4iw_j8MhvbtcB4IejaUqw80-4wZhYsmDzKNd8Yo/revisions/1347",
   "mimeType": "application/vnd.google-apps.document",
   "modifiedDate": "2018-03-26T22:22:28.027Z",
   "published": false,
   "lastModifyingUserName": "Henry Nguyen",
   "lastModifyingUser": {
    "kind": "drive#user",
    "displayName": "Henry Nguyen",
    "picture": {
     "url": "https://lh6.googleusercontent.com/-Ega7NDrvEXk/AAAAAAAAAAI/AAAAAAAAK-I/8IHhsxa_rng/s64/photo.jpg"
    },
    "isAuthenticatedUser": true,
    "permissionId": "07249038766634834573",
    "emailAddress": "henry2833@gmail.com"
   }
  },
  {
   "kind": "drive#revision",
   "etag": "\"30WzJlEKVefTmlcewbJy-HfIvWY\"",
   "id": "1398",
   "selfLink": "https://www.googleapis.com/drive/v2/files/1PXNN4iw_j8MhvbtcB4IejaUqw80-4wZhYsmDzKNd8Yo/revisions/1398",
   "mimeType": "application/vnd.google-apps.document",
   "modifiedDate": "2018-03-26T23:15:25.154Z",
   "published": false,
   "lastModifyingUserName": "Henry Nguyen",
   "lastModifyingUser": {
    "kind": "drive#user",
    "displayName": "Henry Nguyen",
    "picture": {
     "url": "https://lh6.googleusercontent.com/-Ega7NDrvEXk/AAAAAAAAAAI/AAAAAAAAK-I/8IHhsxa_rng/s64/photo.jpg"
    },
    "isAuthenticatedUser": true,
    "permissionId": "07249038766634834573",
    "emailAddress": "henry2833@gmail.com"
   }
  },
  {
   "kind": "drive#revision",
   "etag": "\"Di5GaTqruVMvapEb_gnzTjNQZ1k\"",
   "id": "1825",
   "selfLink": "https://www.googleapis.com/drive/v2/files/1PXNN4iw_j8MhvbtcB4IejaUqw80-4wZhYsmDzKNd8Yo/revisions/1825",
   "mimeType": "application/vnd.google-apps.document",
   "modifiedDate": "2018-03-27T01:09:22.145Z",
   "published": false,
   "lastModifyingUserName": "Henry Nguyen",
   "lastModifyingUser": {
    "kind": "drive#user",
    "displayName": "Henry Nguyen",
    "picture": {
     "url": "https://lh6.googleusercontent.com/-Ega7NDrvEXk/AAAAAAAAAAI/AAAAAAAAK-I/8IHhsxa_rng/s64/photo.jpg"
    },
    "isAuthenticatedUser": true,
    "permissionId": "07249038766634834573",
    "emailAddress": "henry2833@gmail.com"
   }
  },
  {
   "kind": "drive#revision",
   "etag": "\"tRfyrNn6wGB222SoAjpNCAgmkGk\"",
   "id": "1879",
   "selfLink": "https://www.googleapis.com/drive/v2/files/1PXNN4iw_j8MhvbtcB4IejaUqw80-4wZhYsmDzKNd8Yo/revisions/1879",
   "mimeType": "application/vnd.google-apps.document",
   "modifiedDate": "2018-03-27T02:13:03.597Z",
   "published": false,
   "lastModifyingUserName": "Henry Nguyen",
   "lastModifyingUser": {
    "kind": "drive#user",
    "displayName": "Henry Nguyen",
    "picture": {
     "url": "https://lh6.googleusercontent.com/-Ega7NDrvEXk/AAAAAAAAAAI/AAAAAAAAK-I/8IHhsxa_rng/s64/photo.jpg"
    },
    "isAuthenticatedUser": true,
    "permissionId": "07249038766634834573",
    "emailAddress": "henry2833@gmail.com"
   }
  },
  {
   "kind": "drive#revision",
   "etag": "\"tyZo7SJDsnaOytoUSjOH7DO_J-s\"",
   "id": "2226",
   "selfLink": "https://www.googleapis.com/drive/v2/files/1PXNN4iw_j8MhvbtcB4IejaUqw80-4wZhYsmDzKNd8Yo/revisions/2226",
   "mimeType": "application/vnd.google-apps.document",
   "modifiedDate": "2018-03-27T03:27:27.843Z",
   "published": false,
   "lastModifyingUserName": "Henry Nguyen",
   "lastModifyingUser": {
    "kind": "drive#user",
    "displayName": "Henry Nguyen",
    "picture": {
     "url": "https://lh6.googleusercontent.com/-Ega7NDrvEXk/AAAAAAAAAAI/AAAAAAAAK-I/8IHhsxa_rng/s64/photo.jpg"
    },
    "isAuthenticatedUser": true,
    "permissionId": "07249038766634834573",
    "emailAddress": "henry2833@gmail.com"
   }
  },
  {
   "kind": "drive#revision",
   "etag": "\"l2b-_73U8rT2Mn7jNEg3kMoAgQc\"",
   "id": "2799",
   "selfLink": "https://www.googleapis.com/drive/v2/files/1PXNN4iw_j8MhvbtcB4IejaUqw80-4wZhYsmDzKNd8Yo/revisions/2799",
   "mimeType": "application/vnd.google-apps.document",
   "modifiedDate": "2018-03-27T04:49:04.125Z",
   "published": false,
   "lastModifyingUserName": "Henry Nguyen",
   "lastModifyingUser": {
    "kind": "drive#user",
    "displayName": "Henry Nguyen",
    "picture": {
     "url": "https://lh6.googleusercontent.com/-Ega7NDrvEXk/AAAAAAAAAAI/AAAAAAAAK-I/8IHhsxa_rng/s64/photo.jpg"
    },
    "isAuthenticatedUser": true,
    "permissionId": "07249038766634834573",
    "emailAddress": "henry2833@gmail.com"
   }
  },
  {
   "kind": "drive#revision",
   "etag": "\"hfAwLeL9wMPlDdO2MzkKWgmcKG0\"",
   "id": "3109",
   "selfLink": "https://www.googleapis.com/drive/v2/files/1PXNN4iw_j8MhvbtcB4IejaUqw80-4wZhYsmDzKNd8Yo/revisions/3109",
   "mimeType": "application/vnd.google-apps.document",
   "modifiedDate": "2018-03-27T06:05:54.258Z",
   "published": false,
   "lastModifyingUserName": "Henry Nguyen",
   "lastModifyingUser": {
    "kind": "drive#user",
    "displayName": "Henry Nguyen",
    "picture": {
     "url": "https://lh6.googleusercontent.com/-Ega7NDrvEXk/AAAAAAAAAAI/AAAAAAAAK-I/8IHhsxa_rng/s64/photo.jpg"
    },
    "isAuthenticatedUser": true,
    "permissionId": "07249038766634834573",
    "emailAddress": "henry2833@gmail.com"
   }
  },
  {
   "kind": "drive#revision",
   "etag": "\"kDrfkUgAV0sus3qiWQyxIdvbO_E\"",
   "id": "3205",
   "selfLink": "https://www.googleapis.com/drive/v2/files/1PXNN4iw_j8MhvbtcB4IejaUqw80-4wZhYsmDzKNd8Yo/revisions/3205",
   "mimeType": "application/vnd.google-apps.document",
   "modifiedDate": "2018-03-28T02:07:48.054Z",
   "published": false,
   "lastModifyingUserName": "Henry Nguyen",
   "lastModifyingUser": {
    "kind": "drive#user",
    "displayName": "Henry Nguyen",
    "picture": {
     "url": "https://lh6.googleusercontent.com/-Ega7NDrvEXk/AAAAAAAAAAI/AAAAAAAAK-I/8IHhsxa_rng/s64/photo.jpg"
    },
    "isAuthenticatedUser": true,
    "permissionId": "07249038766634834573",
    "emailAddress": "henry2833@gmail.com"
   }
  },
  {
   "kind": "drive#revision",
   "etag": "\"Gaik39RCGRjA_uAbuAoPpgZsEOQ\"",
   "id": "3233",
   "selfLink": "https://www.googleapis.com/drive/v2/files/1PXNN4iw_j8MhvbtcB4IejaUqw80-4wZhYsmDzKNd8Yo/revisions/3233",
   "mimeType": "application/vnd.google-apps.document",
   "modifiedDate": "2018-03-28T02:39:05.989Z",
   "published": false,
   "lastModifyingUserName": "Henry Nguyen",
   "lastModifyingUser": {
    "kind": "drive#user",
    "displayName": "Henry Nguyen",
    "picture": {
     "url": "https://lh6.googleusercontent.com/-Ega7NDrvEXk/AAAAAAAAAAI/AAAAAAAAK-I/8IHhsxa_rng/s64/photo.jpg"
    },
    "isAuthenticatedUser": true,
    "permissionId": "07249038766634834573",
    "emailAddress": "henry2833@gmail.com"
   }
  },
  {
   "kind": "drive#revision",
   "etag": "\"Hn-fXg_0qpkvbPAWM5-TipVStOA\"",
   "id": "3293",
   "selfLink": "https://www.googleapis.com/drive/v2/files/1PXNN4iw_j8MhvbtcB4IejaUqw80-4wZhYsmDzKNd8Yo/revisions/3293",
   "mimeType": "application/vnd.google-apps.document",
   "modifiedDate": "2018-03-28T03:31:31.544Z",
   "published": false,
   "lastModifyingUserName": "Henry Nguyen",
   "lastModifyingUser": {
    "kind": "drive#user",
    "displayName": "Henry Nguyen",
    "picture": {
     "url": "https://lh6.googleusercontent.com/-Ega7NDrvEXk/AAAAAAAAAAI/AAAAAAAAK-I/8IHhsxa_rng/s64/photo.jpg"
    },
    "isAuthenticatedUser": true,
    "permissionId": "07249038766634834573",
    "emailAddress": "henry2833@gmail.com"
   }
  },
  {
   "kind": "drive#revision",
   "etag": "\"3OhnhnAGHkGgjwCbuHpNf7zwwuI\"",
   "id": "3524",
   "selfLink": "https://www.googleapis.com/drive/v2/files/1PXNN4iw_j8MhvbtcB4IejaUqw80-4wZhYsmDzKNd8Yo/revisions/3524",
   "mimeType": "application/vnd.google-apps.document",
   "modifiedDate": "2018-03-28T04:41:55.439Z",
   "published": false,
   "lastModifyingUserName": "Henry Nguyen",
   "lastModifyingUser": {
    "kind": "drive#user",
    "displayName": "Henry Nguyen",
    "picture": {
     "url": "https://lh6.googleusercontent.com/-Ega7NDrvEXk/AAAAAAAAAAI/AAAAAAAAK-I/8IHhsxa_rng/s64/photo.jpg"
    },
    "isAuthenticatedUser": true,
    "permissionId": "07249038766634834573",
    "emailAddress": "henry2833@gmail.com"
   }
  },
  {
   "kind": "drive#revision",
   "etag": "\"RjQHYYX6TCEJff-LVwrQWqTgp3c\"",
   "id": "3866",
   "selfLink": "https://www.googleapis.com/drive/v2/files/1PXNN4iw_j8MhvbtcB4IejaUqw80-4wZhYsmDzKNd8Yo/revisions/3866",
   "mimeType": "application/vnd.google-apps.document",
   "modifiedDate": "2018-03-28T06:08:58.516Z",
   "published": false,
   "lastModifyingUserName": "Henry Nguyen",
   "lastModifyingUser": {
    "kind": "drive#user",
    "displayName": "Henry Nguyen",
    "picture": {
     "url": "https://lh6.googleusercontent.com/-Ega7NDrvEXk/AAAAAAAAAAI/AAAAAAAAK-I/8IHhsxa_rng/s64/photo.jpg"
    },
    "isAuthenticatedUser": true,
    "permissionId": "07249038766634834573",
    "emailAddress": "henry2833@gmail.com"
   }
  },
  {
   "kind": "drive#revision",
   "etag": "\"dMXvf4Hnl1ZfoO4LZzMPRY6nNE8\"",
   "id": "3871",
   "selfLink": "https://www.googleapis.com/drive/v2/files/1PXNN4iw_j8MhvbtcB4IejaUqw80-4wZhYsmDzKNd8Yo/revisions/3871",
   "mimeType": "application/vnd.google-apps.document",
   "modifiedDate": "2018-03-28T16:25:03.555Z",
   "published": false,
   "lastModifyingUserName": "Henry Nguyen",
   "lastModifyingUser": {
    "kind": "drive#user",
    "displayName": "Henry Nguyen",
    "picture": {
     "url": "https://lh6.googleusercontent.com/-Ega7NDrvEXk/AAAAAAAAAAI/AAAAAAAAK-I/8IHhsxa_rng/s64/photo.jpg"
    },
    "isAuthenticatedUser": true,
    "permissionId": "07249038766634834573",
    "emailAddress": "henry2833@gmail.com"
   }
  },
  {
   "kind": "drive#revision",
   "etag": "\"y1lhdHcEuEW1ymgJq0Kymq5qfzY\"",
   "id": "3873",
   "selfLink": "https://www.googleapis.com/drive/v2/files/1PXNN4iw_j8MhvbtcB4IejaUqw80-4wZhYsmDzKNd8Yo/revisions/3873",
   "mimeType": "application/vnd.google-apps.document",
   "modifiedDate": "2018-03-28T18:35:36.587Z",
   "published": false,
   "lastModifyingUserName": "Henry Nguyen",
   "lastModifyingUser": {
    "kind": "drive#user",
    "displayName": "Henry Nguyen",
    "picture": {
     "url": "https://lh6.googleusercontent.com/-Ega7NDrvEXk/AAAAAAAAAAI/AAAAAAAAK-I/8IHhsxa_rng/s64/photo.jpg"
    },
    "isAuthenticatedUser": true,
    "permissionId": "07249038766634834573",
    "emailAddress": "henry2833@gmail.com"
   }
  },
  {
   "kind": "drive#revision",
   "etag": "\"It3LPUdBevnOonShjNQy4MJcQgM\"",
   "id": "3940",
   "selfLink": "https://www.googleapis.com/drive/v2/files/1PXNN4iw_j8MhvbtcB4IejaUqw80-4wZhYsmDzKNd8Yo/revisions/3940",
   "mimeType": "application/vnd.google-apps.document",
   "modifiedDate": "2018-03-28T19:40:31.412Z",
   "published": false,
   "lastModifyingUserName": "Henry Nguyen",
   "lastModifyingUser": {
    "kind": "drive#user",
    "displayName": "Henry Nguyen",
    "picture": {
     "url": "https://lh6.googleusercontent.com/-Ega7NDrvEXk/AAAAAAAAAAI/AAAAAAAAK-I/8IHhsxa_rng/s64/photo.jpg"
    },
    "isAuthenticatedUser": true,
    "permissionId": "07249038766634834573",
    "emailAddress": "henry2833@gmail.com"
   }
  },
  {
   "kind": "drive#revision",
   "etag": "\"HZg9vEOT5RXitbLVrES6uO8CJ2I\"",
   "id": "4020",
   "selfLink": "https://www.googleapis.com/drive/v2/files/1PXNN4iw_j8MhvbtcB4IejaUqw80-4wZhYsmDzKNd8Yo/revisions/4020",
   "mimeType": "application/vnd.google-apps.document",
   "modifiedDate": "2018-03-28T20:19:55.673Z",
   "published": false,
   "lastModifyingUserName": "Henry Nguyen",
   "lastModifyingUser": {
    "kind": "drive#user",
    "displayName": "Henry Nguyen",
    "picture": {
     "url": "https://lh6.googleusercontent.com/-Ega7NDrvEXk/AAAAAAAAAAI/AAAAAAAAK-I/8IHhsxa_rng/s64/photo.jpg"
    },
    "isAuthenticatedUser": true,
    "permissionId": "07249038766634834573",
    "emailAddress": "henry2833@gmail.com"
   }
  },
  {
   "kind": "drive#revision",
   "etag": "\"GSCATZZX_54TERZ8fjwAKdFkuBY\"",
   "id": "4138",
   "selfLink": "https://www.googleapis.com/drive/v2/files/1PXNN4iw_j8MhvbtcB4IejaUqw80-4wZhYsmDzKNd8Yo/revisions/4138",
   "mimeType": "application/vnd.google-apps.document",
   "modifiedDate": "2018-03-28T21:45:34.846Z",
   "published": false,
   "lastModifyingUserName": "Henry Nguyen",
   "lastModifyingUser": {
    "kind": "drive#user",
    "displayName": "Henry Nguyen",
    "picture": {
     "url": "https://lh6.googleusercontent.com/-Ega7NDrvEXk/AAAAAAAAAAI/AAAAAAAAK-I/8IHhsxa_rng/s64/photo.jpg"
    },
    "isAuthenticatedUser": true,
    "permissionId": "07249038766634834573",
    "emailAddress": "henry2833@gmail.com"
   }
  },
  {
   "kind": "drive#revision",
   "etag": "\"mvSzkQd0MAlFNWlD8ieL7XP_v8g\"",
   "id": "4230",
   "selfLink": "https://www.googleapis.com/drive/v2/files/1PXNN4iw_j8MhvbtcB4IejaUqw80-4wZhYsmDzKNd8Yo/revisions/4230",
   "mimeType": "application/vnd.google-apps.document",
   "modifiedDate": "2018-03-28T23:59:25.535Z",
   "published": false,
   "lastModifyingUserName": "Henry Nguyen",
   "lastModifyingUser": {
    "kind": "drive#user",
    "displayName": "Henry Nguyen",
    "picture": {
     "url": "https://lh6.googleusercontent.com/-Ega7NDrvEXk/AAAAAAAAAAI/AAAAAAAAK-I/8IHhsxa_rng/s64/photo.jpg"
    },
    "isAuthenticatedUser": true,
    "permissionId": "07249038766634834573",
    "emailAddress": "henry2833@gmail.com"
   }
  },
  {
   "kind": "drive#revision",
   "etag": "\"11WN-lEitTuakMLYNKAlX8vP810\"",
   "id": "4302",
   "selfLink": "https://www.googleapis.com/drive/v2/files/1PXNN4iw_j8MhvbtcB4IejaUqw80-4wZhYsmDzKNd8Yo/revisions/4302",
   "mimeType": "application/vnd.google-apps.document",
   "modifiedDate": "2018-03-29T02:08:47.225Z",
   "published": false,
   "lastModifyingUserName": "Henry Nguyen",
   "lastModifyingUser": {
    "kind": "drive#user",
    "displayName": "Henry Nguyen",
    "picture": {
     "url": "https://lh6.googleusercontent.com/-Ega7NDrvEXk/AAAAAAAAAAI/AAAAAAAAK-I/8IHhsxa_rng/s64/photo.jpg"
    },
    "isAuthenticatedUser": true,
    "permissionId": "07249038766634834573",
    "emailAddress": "henry2833@gmail.com"
   }
  },
  {
   "kind": "drive#revision",
   "etag": "\"oAU6lz7VQs4__tqA2O7ARtuacvw\"",
   "id": "5492",
   "selfLink": "https://www.googleapis.com/drive/v2/files/1PXNN4iw_j8MhvbtcB4IejaUqw80-4wZhYsmDzKNd8Yo/revisions/5492",
   "mimeType": "application/vnd.google-apps.document",
   "modifiedDate": "2018-03-29T05:31:55.783Z",
   "published": false,
   "lastModifyingUserName": "Henry Nguyen",
   "lastModifyingUser": {
    "kind": "drive#user",
    "displayName": "Henry Nguyen",
    "picture": {
     "url": "https://lh6.googleusercontent.com/-Ega7NDrvEXk/AAAAAAAAAAI/AAAAAAAAK-I/8IHhsxa_rng/s64/photo.jpg"
    },
    "isAuthenticatedUser": true,
    "permissionId": "07249038766634834573",
    "emailAddress": "henry2833@gmail.com"
   }
  },
  {
   "kind": "drive#revision",
   "etag": "\"MDs4Vy4LNDFic4uHOO5XnmcD__w\"",
   "id": "5504",
   "selfLink": "https://www.googleapis.com/drive/v2/files/1PXNN4iw_j8MhvbtcB4IejaUqw80-4wZhYsmDzKNd8Yo/revisions/5504",
   "mimeType": "application/vnd.google-apps.document",
   "modifiedDate": "2018-03-29T15:52:48.626Z",
   "published": false,
   "lastModifyingUserName": "Henry Nguyen",
   "lastModifyingUser": {
    "kind": "drive#user",
    "displayName": "Henry Nguyen",
    "picture": {
     "url": "https://lh6.googleusercontent.com/-Ega7NDrvEXk/AAAAAAAAAAI/AAAAAAAAK-I/8IHhsxa_rng/s64/photo.jpg"
    },
    "isAuthenticatedUser": true,
    "permissionId": "07249038766634834573",
    "emailAddress": "henry2833@gmail.com"
   }
  },
  {
   "kind": "drive#revision",
   "etag": "\"N4an3iTJkMdZAl4M92uj_daJBek\"",
   "id": "5675",
   "selfLink": "https://www.googleapis.com/drive/v2/files/1PXNN4iw_j8MhvbtcB4IejaUqw80-4wZhYsmDzKNd8Yo/revisions/5675",
   "mimeType": "application/vnd.google-apps.document",
   "modifiedDate": "2018-03-29T20:32:36.827Z",
   "published": false,
   "lastModifyingUserName": "Henry Nguyen",
   "lastModifyingUser": {
    "kind": "drive#user",
    "displayName": "Henry Nguyen",
    "picture": {
     "url": "https://lh6.googleusercontent.com/-Ega7NDrvEXk/AAAAAAAAAAI/AAAAAAAAK-I/8IHhsxa_rng/s64/photo.jpg"
    },
    "isAuthenticatedUser": true,
    "permissionId": "07249038766634834573",
    "emailAddress": "henry2833@gmail.com"
   }
  },
  {
   "kind": "drive#revision",
   "etag": "\"DRl3OESyGVivRoh4uR7F9fZNH9I\"",
   "id": "5681",
   "selfLink": "https://www.googleapis.com/drive/v2/files/1PXNN4iw_j8MhvbtcB4IejaUqw80-4wZhYsmDzKNd8Yo/revisions/5681",
   "mimeType": "application/vnd.google-apps.document",
   "modifiedDate": "2018-03-29T22:45:10.063Z",
   "published": false,
   "lastModifyingUserName": "Henry Nguyen",
   "lastModifyingUser": {
    "kind": "drive#user",
    "displayName": "Henry Nguyen",
    "picture": {
     "url": "https://lh6.googleusercontent.com/-Ega7NDrvEXk/AAAAAAAAAAI/AAAAAAAAK-I/8IHhsxa_rng/s64/photo.jpg"
    },
    "isAuthenticatedUser": true,
    "permissionId": "07249038766634834573",
    "emailAddress": "henry2833@gmail.com"
   }
  },
  {
   "kind": "drive#revision",
   "etag": "\"d1vQkkj-XZbtP0JR9yUpAzANguo\"",
   "id": "5745",
   "selfLink": "https://www.googleapis.com/drive/v2/files/1PXNN4iw_j8MhvbtcB4IejaUqw80-4wZhYsmDzKNd8Yo/revisions/5745",
   "mimeType": "application/vnd.google-apps.document",
   "modifiedDate": "2018-03-30T00:30:47.027Z",
   "published": false,
   "lastModifyingUserName": "Henry Nguyen",
   "lastModifyingUser": {
    "kind": "drive#user",
    "displayName": "Henry Nguyen",
    "picture": {
     "url": "https://lh6.googleusercontent.com/-Ega7NDrvEXk/AAAAAAAAAAI/AAAAAAAAK-I/8IHhsxa_rng/s64/photo.jpg"
    },
    "isAuthenticatedUser": true,
    "permissionId": "07249038766634834573",
    "emailAddress": "henry2833@gmail.com"
   }
  },
  {
   "kind": "drive#revision",
   "etag": "\"HVJGTss-LIAnenSKonGOS4JGtEE\"",
   "id": "6324",
   "selfLink": "https://www.googleapis.com/drive/v2/files/1PXNN4iw_j8MhvbtcB4IejaUqw80-4wZhYsmDzKNd8Yo/revisions/6324",
   "mimeType": "application/vnd.google-apps.document",
   "modifiedDate": "2018-03-30T02:29:32.999Z",
   "published": false,
   "lastModifyingUserName": "Henry Nguyen",
   "lastModifyingUser": {
    "kind": "drive#user",
    "displayName": "Henry Nguyen",
    "picture": {
     "url": "https://lh6.googleusercontent.com/-Ega7NDrvEXk/AAAAAAAAAAI/AAAAAAAAK-I/8IHhsxa_rng/s64/photo.jpg"
    },
    "isAuthenticatedUser": true,
    "permissionId": "07249038766634834573",
    "emailAddress": "henry2833@gmail.com"
   }
  },
  {
   "kind": "drive#revision",
   "etag": "\"yCkiKjwCu3apOHCJtdTuQmffSrw\"",
   "id": "6752",
   "selfLink": "https://www.googleapis.com/drive/v2/files/1PXNN4iw_j8MhvbtcB4IejaUqw80-4wZhYsmDzKNd8Yo/revisions/6752",
   "mimeType": "application/vnd.google-apps.document",
   "modifiedDate": "2018-03-31T04:00:10.661Z",
   "published": false,
   "lastModifyingUserName": "Henry Nguyen",
   "lastModifyingUser": {
    "kind": "drive#user",
    "displayName": "Henry Nguyen",
    "picture": {
     "url": "https://lh6.googleusercontent.com/-Ega7NDrvEXk/AAAAAAAAAAI/AAAAAAAAK-I/8IHhsxa_rng/s64/photo.jpg"
    },
    "isAuthenticatedUser": true,
    "permissionId": "07249038766634834573",
    "emailAddress": "henry2833@gmail.com"
   }
  },
  {
   "kind": "drive#revision",
   "etag": "\"O_KeGhIzgEQcp0fnRAfu0cQcCDE\"",
   "id": "7046",
   "selfLink": "https://www.googleapis.com/drive/v2/files/1PXNN4iw_j8MhvbtcB4IejaUqw80-4wZhYsmDzKNd8Yo/revisions/7046",
   "mimeType": "application/vnd.google-apps.document",
   "modifiedDate": "2018-03-31T18:52:27.347Z",
   "published": false,
   "lastModifyingUserName": "Henry Nguyen",
   "lastModifyingUser": {
    "kind": "drive#user",
    "displayName": "Henry Nguyen",
    "picture": {
     "url": "https://lh6.googleusercontent.com/-Ega7NDrvEXk/AAAAAAAAAAI/AAAAAAAAK-I/8IHhsxa_rng/s64/photo.jpg"
    },
    "isAuthenticatedUser": true,
    "permissionId": "07249038766634834573",
    "emailAddress": "henry2833@gmail.com"
   }
  },
  {
   "kind": "drive#revision",
   "etag": "\"0IkotHMAjz19R3-k29G-qpF_k2w\"",
   "id": "7251",
   "selfLink": "https://www.googleapis.com/drive/v2/files/1PXNN4iw_j8MhvbtcB4IejaUqw80-4wZhYsmDzKNd8Yo/revisions/7251",
   "mimeType": "application/vnd.google-apps.document",
   "modifiedDate": "2018-03-31T19:53:31.601Z",
   "published": false,
   "lastModifyingUserName": "Henry Nguyen",
   "lastModifyingUser": {
    "kind": "drive#user",
    "displayName": "Henry Nguyen",
    "picture": {
     "url": "https://lh6.googleusercontent.com/-Ega7NDrvEXk/AAAAAAAAAAI/AAAAAAAAK-I/8IHhsxa_rng/s64/photo.jpg"
    },
    "isAuthenticatedUser": true,
    "permissionId": "07249038766634834573",
    "emailAddress": "henry2833@gmail.com"
   }
  },
  {
   "kind": "drive#revision",
   "etag": "\"9zhi64FV7-h-23E2rMZ2gnilb0s\"",
   "id": "7281",
   "selfLink": "https://www.googleapis.com/drive/v2/files/1PXNN4iw_j8MhvbtcB4IejaUqw80-4wZhYsmDzKNd8Yo/revisions/7281",
   "mimeType": "application/vnd.google-apps.document",
   "modifiedDate": "2018-03-31T20:33:32.964Z",
   "published": false,
   "lastModifyingUserName": "Henry Nguyen",
   "lastModifyingUser": {
    "kind": "drive#user",
    "displayName": "Henry Nguyen",
    "picture": {
     "url": "https://lh6.googleusercontent.com/-Ega7NDrvEXk/AAAAAAAAAAI/AAAAAAAAK-I/8IHhsxa_rng/s64/photo.jpg"
    },
    "isAuthenticatedUser": true,
    "permissionId": "07249038766634834573",
    "emailAddress": "henry2833@gmail.com"
   }
  },
  {
   "kind": "drive#revision",
   "etag": "\"PIH2mHn4zQWpmsoE8YNgr8k-Eco\"",
   "id": "7286",
   "selfLink": "https://www.googleapis.com/drive/v2/files/1PXNN4iw_j8MhvbtcB4IejaUqw80-4wZhYsmDzKNd8Yo/revisions/7286",
   "mimeType": "application/vnd.google-apps.document",
   "modifiedDate": "2018-04-01T04:39:52.143Z",
   "published": false,
   "lastModifyingUserName": "Henry Nguyen",
   "lastModifyingUser": {
    "kind": "drive#user",
    "displayName": "Henry Nguyen",
    "picture": {
     "url": "https://lh6.googleusercontent.com/-Ega7NDrvEXk/AAAAAAAAAAI/AAAAAAAAK-I/8IHhsxa_rng/s64/photo.jpg"
    },
    "isAuthenticatedUser": true,
    "permissionId": "07249038766634834573",
    "emailAddress": "henry2833@gmail.com"
   }
  }
 ]
}
{
  "error": {
    "code": 429,
    "message": "Quota exceeded for quota metric 'Query Requests' and limit 'Query Requests per minute per user' of service 'driveactivity.googleapis.com' for consumer 'project_number:788399211597'.",
    "status": "RESOURCE_EXHAUSTED",
    "details": [
      {
        "@type": "type.googleapis.com/google.rpc.Help",
        "links": [
          {
            "description": "Google developer console API key",
            "url": "https://console.developers.google.com/project/788399211597/apiui/credential"
          }
        ]
      }
    ]
  }
}
{
 "kind": "drive#revisionList",
 "etag": "\"30E6NfmeTwfIcZXdHmfCKL-X_Gs\"",
 "selfLink": "https://www.googleapis.com/drive/v2/files/1eD408OKIXN196mYbC69-8M5wDGPxTJLqAnJc7zGlIDQ/revisions",
 "items": [
  {
   "kind": "drive#revision",
   "etag": "\"wkCrZKxX7d8DptEYf_CR-PliURE\"",
   "id": "1",
   "selfLink": "https://www.googleapis.com/drive/v2/files/1eD408OKIXN196mYbC69-8M5wDGPxTJLqAnJc7zGlIDQ/revisions/1",
   "mimeType": "application/vnd.google-apps.document",
   "modifiedDate": "2017-12-30T19:19:34.326Z",
   "published": false,
   "lastModifyingUserName": "Henry Nguyen",
   "lastModifyingUser": {
    "kind": "drive#user",
    "displayName": "Henry Nguyen",
    "picture": {
     "url": "https://lh6.googleusercontent.com/-Ega7NDrvEXk/AAAAAAAAAAI/AAAAAAAAK-I/8IHhsxa_rng/s64/photo.jpg"
    },
    "isAuthenticatedUser": true,
    "permissionId": "07249038766634834573",
    "emailAddress": "henry2833@gmail.com"
   }
  },
  {
   "kind": "drive#revision",
   "etag": "\"nf78-Ysb-mXZR-ip1QvcE0q2ukY\"",
   "id": "2",
   "selfLink": "https://www.googleapis.com/drive/v2/files/1eD408OKIXN196mYbC69-8M5wDGPxTJLqAnJc7zGlIDQ/revisions/2",
   "mimeType": "application/vnd.google-apps.document",
   "modifiedDate": "2017-12-30T19:43:06.754Z",
   "published": false,
   "lastModifyingUserName": "Henry Nguyen",
   "lastModifyingUser": {
    "kind": "drive#user",
    "displayName": "Henry Nguyen",
    "picture": {
     "url": "https://lh6.googleusercontent.com/-Ega7NDrvEXk/AAAAAAAAAAI/AAAAAAAAK-I/8IHhsxa_rng/s64/photo.jpg"
    },
    "isAuthenticatedUser": true,
    "permissionId": "07249038766634834573",
    "emailAddress": "henry2833@gmail.com"
   }
  },
  {
   "kind": "drive#revision",
   "etag": "\"-LMJlpLaSXdwsc9q_HXdNy5yaJ0\"",
   "id": "3",
   "selfLink": "https://www.googleapis.com/drive/v2/files/1eD408OKIXN196mYbC69-8M5wDGPxTJLqAnJc7zGlIDQ/revisions/3",
   "mimeType": "application/vnd.google-apps.document",
   "modifiedDate": "2017-12-30T20:16:22.388Z",
   "published": false,
   "lastModifyingUserName": "Henry Nguyen",
   "lastModifyingUser": {
    "kind": "drive#user",
    "displayName": "Henry Nguyen",
    "picture": {
     "url": "https://lh6.googleusercontent.com/-Ega7NDrvEXk/AAAAAAAAAAI/AAAAAAAAK-I/8IHhsxa_rng/s64/photo.jpg"
    },
    "isAuthenticatedUser": true,
    "permissionId": "07249038766634834573",
    "emailAddress": "henry2833@gmail.com"
   }
  },
  {
   "kind": "drive#revision",
   "etag": "\"qG-tDXZXgrRJo60LeJLOFrx-ytI\"",
   "id": "601",
   "selfLink": "https://www.googleapis.com/drive/v2/files/1eD408OKIXN196mYbC69-8M5wDGPxTJLqAnJc7zGlIDQ/revisions/601",
   "mimeType": "application/vnd.google-apps.document",
   "modifiedDate": "2017-12-30T21:41:41.366Z",
   "published": false,
   "lastModifyingUserName": "Henry Nguyen",
   "lastModifyingUser": {
    "kind": "drive#user",
    "displayName": "Henry Nguyen",
    "picture": {
     "url": "https://lh6.googleusercontent.com/-Ega7NDrvEXk/AAAAAAAAAAI/AAAAAAAAK-I/8IHhsxa_rng/s64/photo.jpg"
    },
    "isAuthenticatedUser": true,
    "permissionId": "07249038766634834573",
    "emailAddress": "henry2833@gmail.com"
   }
  },
  {
   "kind": "drive#revision",
   "etag": "\"tRopQFX9Wsn-5jbnJ-dTWDiN3HY\"",
   "id": "733",
   "selfLink": "https://www.googleapis.com/drive/v2/files/1eD408OKIXN196mYbC69-8M5wDGPxTJLqAnJc7zGlIDQ/revisions/733",
   "mimeType": "application/vnd.google-apps.document",
   "modifiedDate": "2017-12-31T00:31:13.901Z",
   "published": false,
   "lastModifyingUserName": "Henry Nguyen",
   "lastModifyingUser": {
    "kind": "drive#user",
    "displayName": "Henry Nguyen",
    "picture": {
     "url": "https://lh6.googleusercontent.com/-Ega7NDrvEXk/AAAAAAAAAAI/AAAAAAAAK-I/8IHhsxa_rng/s64/photo.jpg"
    },
    "isAuthenticatedUser": true,
    "permissionId": "07249038766634834573",
    "emailAddress": "henry2833@gmail.com"
   }
  },
  {
   "kind": "drive#revision",
   "etag": "\"xdYLhqHfIa-aFeci6AFeTOfu13Q\"",
   "id": "784",
   "selfLink": "https://www.googleapis.com/drive/v2/files/1eD408OKIXN196mYbC69-8M5wDGPxTJLqAnJc7zGlIDQ/revisions/784",
   "mimeType": "application/vnd.google-apps.document",
   "modifiedDate": "2017-12-31T17:27:26.502Z",
   "published": false,
   "lastModifyingUserName": "Henry Nguyen",
   "lastModifyingUser": {
    "kind": "drive#user",
    "displayName": "Henry Nguyen",
    "picture": {
     "url": "https://lh6.googleusercontent.com/-Ega7NDrvEXk/AAAAAAAAAAI/AAAAAAAAK-I/8IHhsxa_rng/s64/photo.jpg"
    },
    "isAuthenticatedUser": true,
    "permissionId": "07249038766634834573",
    "emailAddress": "henry2833@gmail.com"
   }
  },
  {
   "kind": "drive#revision",
   "etag": "\"fURZr_vI0ymctWpiFawwS9KVBf4\"",
   "id": "1075",
   "selfLink": "https://www.googleapis.com/drive/v2/files/1eD408OKIXN196mYbC69-8M5wDGPxTJLqAnJc7zGlIDQ/revisions/1075",
   "mimeType": "application/vnd.google-apps.document",
   "modifiedDate": "2017-12-31T18:50:24.089Z",
   "published": false,
   "lastModifyingUserName": "Henry Nguyen",
   "lastModifyingUser": {
    "kind": "drive#user",
    "displayName": "Henry Nguyen",
    "picture": {
     "url": "https://lh6.googleusercontent.com/-Ega7NDrvEXk/AAAAAAAAAAI/AAAAAAAAK-I/8IHhsxa_rng/s64/photo.jpg"
    },
    "isAuthenticatedUser": true,
    "permissionId": "07249038766634834573",
    "emailAddress": "henry2833@gmail.com"
   }
  },
  {
   "kind": "drive#revision",
   "etag": "\"E6b0DC61jWhyMCDfXobECElG-Yg\"",
   "id": "1409",
   "selfLink": "https://www.googleapis.com/drive/v2/files/1eD408OKIXN196mYbC69-8M5wDGPxTJLqAnJc7zGlIDQ/revisions/1409",
   "mimeType": "application/vnd.google-apps.document",
   "modifiedDate": "2018-01-01T18:59:33.848Z",
   "published": false,
   "lastModifyingUserName": "Henry Nguyen",
   "lastModifyingUser": {
    "kind": "drive#user",
    "displayName": "Henry Nguyen",
    "picture": {
     "url": "https://lh6.googleusercontent.com/-Ega7NDrvEXk/AAAAAAAAAAI/AAAAAAAAK-I/8IHhsxa_rng/s64/photo.jpg"
    },
    "isAuthenticatedUser": true,
    "permissionId": "07249038766634834573",
    "emailAddress": "henry2833@gmail.com"
   }
  },
  {
   "kind": "drive#revision",
   "etag": "\"y9Ko35j9RmsIaMr5FAI0dKYm0Yc\"",
   "id": "1411",
   "selfLink": "https://www.googleapis.com/drive/v2/files/1eD408OKIXN196mYbC69-8M5wDGPxTJLqAnJc7zGlIDQ/revisions/1411",
   "mimeType": "application/vnd.google-apps.document",
   "modifiedDate": "2018-01-01T22:48:14.224Z",
   "published": false,
   "lastModifyingUserName": "Henry Nguyen",
   "lastModifyingUser": {
    "kind": "drive#user",
    "displayName": "Henry Nguyen",
    "picture": {
     "url": "https://lh6.googleusercontent.com/-Ega7NDrvEXk/AAAAAAAAAAI/AAAAAAAAK-I/8IHhsxa_rng/s64/photo.jpg"
    },
    "isAuthenticatedUser": true,
    "permissionId": "07249038766634834573",
    "emailAddress": "henry2833@gmail.com"
   }
  }
 ]
}
{
  "error": {
    "code": 429,
    "message": "Quota exceeded for quota metric 'Query Requests' and limit 'Query Requests per minute per user' of service 'driveactivity.googleapis.com' for consumer 'project_number:788399211597'.",
    "status": "RESOURCE_EXHAUSTED",
    "details": [
      {
        "@type": "type.googleapis.com/google.rpc.Help",
        "links": [
          {
            "description": "Google developer console API key",
            "url": "https://console.developers.google.com/project/788399211597/apiui/credential"
          }
        ]
      }
    ]
  }
}
